Archive member included to satisfy reference by file (symbol)

C:/Users/LiMa/.pico-sdk/toolchain/14_2_Rel1/bin/../lib/gcc/arm-none-eabi/14.2.1/thumb/v6-m/nofp\libgcc.a(_dvmd_tls.o)
                              CMakeFiles/game_console.dir/C_/Users/LiMa/.pico-sdk/sdk/2.1.1/src/rp2_common/pico_divider/divider_hardware.S.obj (__aeabi_idiv0)
C:/Users/LiMa/.pico-sdk/toolchain/14_2_Rel1/bin/../lib/gcc/arm-none-eabi/14.2.1/thumb/v6-m/nofp\libgcc.a(unwind-arm.o)
                              CMakeFiles/game_console.dir/game_console.cpp.obj (__aeabi_unwind_cpp_pr0)
C:/Users/LiMa/.pico-sdk/toolchain/14_2_Rel1/bin/../lib/gcc/arm-none-eabi/14.2.1/thumb/v6-m/nofp\libgcc.a(libunwind.o)
                              C:/Users/LiMa/.pico-sdk/toolchain/14_2_Rel1/bin/../lib/gcc/arm-none-eabi/14.2.1/thumb/v6-m/nofp\libgcc.a(unwind-arm.o) (restore_core_regs)
C:/Users/LiMa/.pico-sdk/toolchain/14_2_Rel1/bin/../lib/gcc/arm-none-eabi/14.2.1/thumb/v6-m/nofp\libgcc.a(pr-support.o)
                              C:/Users/LiMa/.pico-sdk/toolchain/14_2_Rel1/bin/../lib/gcc/arm-none-eabi/14.2.1/thumb/v6-m/nofp\libgcc.a(unwind-arm.o) (__gnu_unwind_execute)
C:/Users/LiMa/.pico-sdk/toolchain/14_2_Rel1/bin/../lib/gcc/arm-none-eabi/14.2.1/thumb/v6-m/nofp\libg.a(libc_a-abort.o)
                              C:/Users/LiMa/.pico-sdk/toolchain/14_2_Rel1/bin/../lib/gcc/arm-none-eabi/14.2.1/thumb/v6-m/nofp\libgcc.a(unwind-arm.o) (abort)
C:/Users/LiMa/.pico-sdk/toolchain/14_2_Rel1/bin/../lib/gcc/arm-none-eabi/14.2.1/thumb/v6-m/nofp\libg.a(libc_a-calloc.o)
                              CMakeFiles/game_console.dir/C_/Users/LiMa/.pico-sdk/sdk/2.1.1/src/rp2_common/pico_malloc/malloc.c.obj (calloc)
C:/Users/LiMa/.pico-sdk/toolchain/14_2_Rel1/bin/../lib/gcc/arm-none-eabi/14.2.1/thumb/v6-m/nofp\libg.a(libc_a-callocr.o)
                              C:/Users/LiMa/.pico-sdk/toolchain/14_2_Rel1/bin/../lib/gcc/arm-none-eabi/14.2.1/thumb/v6-m/nofp\libg.a(libc_a-calloc.o) (_calloc_r)
C:/Users/LiMa/.pico-sdk/toolchain/14_2_Rel1/bin/../lib/gcc/arm-none-eabi/14.2.1/thumb/v6-m/nofp\libg.a(libc_a-malloc.o)
                              CMakeFiles/game_console.dir/C_/Users/LiMa/.pico-sdk/sdk/2.1.1/src/rp2_common/pico_malloc/malloc.c.obj (malloc)
C:/Users/LiMa/.pico-sdk/toolchain/14_2_Rel1/bin/../lib/gcc/arm-none-eabi/14.2.1/thumb/v6-m/nofp\libg.a(libc_a-mallocr.o)
                              C:/Users/LiMa/.pico-sdk/toolchain/14_2_Rel1/bin/../lib/gcc/arm-none-eabi/14.2.1/thumb/v6-m/nofp\libg.a(libc_a-callocr.o) (_malloc_r)
C:/Users/LiMa/.pico-sdk/toolchain/14_2_Rel1/bin/../lib/gcc/arm-none-eabi/14.2.1/thumb/v6-m/nofp\libg.a(libc_a-mlock.o)
                              C:/Users/LiMa/.pico-sdk/toolchain/14_2_Rel1/bin/../lib/gcc/arm-none-eabi/14.2.1/thumb/v6-m/nofp\libg.a(libc_a-mallocr.o) (__malloc_lock)
C:/Users/LiMa/.pico-sdk/toolchain/14_2_Rel1/bin/../lib/gcc/arm-none-eabi/14.2.1/thumb/v6-m/nofp\libg.a(libc_a-realloc.o)
                              CMakeFiles/game_console.dir/C_/Users/LiMa/.pico-sdk/sdk/2.1.1/src/rp2_common/pico_malloc/malloc.c.obj (realloc)
C:/Users/LiMa/.pico-sdk/toolchain/14_2_Rel1/bin/../lib/gcc/arm-none-eabi/14.2.1/thumb/v6-m/nofp\libg.a(libc_a-reallocr.o)
                              C:/Users/LiMa/.pico-sdk/toolchain/14_2_Rel1/bin/../lib/gcc/arm-none-eabi/14.2.1/thumb/v6-m/nofp\libg.a(libc_a-realloc.o) (_realloc_r)
C:/Users/LiMa/.pico-sdk/toolchain/14_2_Rel1/bin/../lib/gcc/arm-none-eabi/14.2.1/thumb/v6-m/nofp\libg.a(libc_a-memcmp.o)
                              CMakeFiles/game_console.dir/C_/Users/LiMa/.pico-sdk/sdk/2.1.1/src/rp2_common/pico_atomic/atomic.c.obj (memcmp)
C:/Users/LiMa/.pico-sdk/toolchain/14_2_Rel1/bin/../lib/gcc/arm-none-eabi/14.2.1/thumb/v6-m/nofp\libg.a(libc_a-memmove.o)
                              C:/Users/LiMa/.pico-sdk/toolchain/14_2_Rel1/bin/../lib/gcc/arm-none-eabi/14.2.1/thumb/v6-m/nofp\libg.a(libc_a-reallocr.o) (memmove)
C:/Users/LiMa/.pico-sdk/toolchain/14_2_Rel1/bin/../lib/gcc/arm-none-eabi/14.2.1/thumb/v6-m/nofp\libg.a(libc_a-signal.o)
                              C:/Users/LiMa/.pico-sdk/toolchain/14_2_Rel1/bin/../lib/gcc/arm-none-eabi/14.2.1/thumb/v6-m/nofp\libg.a(libc_a-abort.o) (raise)
C:/Users/LiMa/.pico-sdk/toolchain/14_2_Rel1/bin/../lib/gcc/arm-none-eabi/14.2.1/thumb/v6-m/nofp\libg.a(libc_a-lcltime_r.o)
                              CMakeFiles/game_console.dir/C_/Users/LiMa/.pico-sdk/sdk/2.1.1/src/common/pico_util/datetime.c.obj (localtime_r)
C:/Users/LiMa/.pico-sdk/toolchain/14_2_Rel1/bin/../lib/gcc/arm-none-eabi/14.2.1/thumb/v6-m/nofp\libg.a(libc_a-mktime.o)
                              CMakeFiles/game_console.dir/C_/Users/LiMa/.pico-sdk/sdk/2.1.1/src/common/pico_util/datetime.c.obj (mktime)
C:/Users/LiMa/.pico-sdk/toolchain/14_2_Rel1/bin/../lib/gcc/arm-none-eabi/14.2.1/thumb/v6-m/nofp\libg.a(libc_a-month_lengths.o)
[...]
Memory Configuration

Name             Origin             Length             Attributes
FLASH            0x10000000         0x01000000         xr
RAM              0x20000000         0x00040000         xrw
SCRATCH_X        0x20040000         0x00001000         xrw
SCRATCH_Y        0x20041000         0x00001000         xrw
*default*        0x00000000         0xffffffff

Linker script and memory map

LOAD C:/Users/LiMa/.pico-sdk/toolchain/14_2_Rel1/bin/../lib/gcc/arm-none-eabi/14.2.1/thumb/v6-m/nofp/crti.o
LOAD C:/Users/LiMa/.pico-sdk/toolchain/14_2_Rel1/bin/../lib/gcc/arm-none-eabi/14.2.1/thumb/v6-m/nofp/crtbegin.o
LOAD C:/Users/LiMa/.pico-sdk/toolchain/14_2_Rel1/bin/../lib/gcc/arm-none-eabi/14.2.1/thumb/v6-m/nofp/crt0.o

.flash_begin    0x10000000        0x0
                0x10000000                        __flash_binary_start = .

.boot2          0x10000000      0x100
                0x10000000                        __boot2_start__ = .
 *(.boot2)
 .boot2         0x10000000      0x100 pico-sdk/src/rp2040/boot_stage2/CMakeFiles/bs2_default_library.dir/./bs2_default_padded_checksummed.S.obj
                0x10000100                        __boot2_end__ = .
                0x00000001                        ASSERT (((__boot2_end__ - __boot2_start__) == 0x100), ERROR: Pico second stage bootloader must be 256 bytes in size)

.text           0x10000100     0x4b50
                0x10000100                        __logical_binary_start = .
 *(.vectors)
 .vectors       0x10000100       0xd4 CMakeFiles/game_console.dir/C_/Users/LiMa/.pico-sdk/sdk/2.1.1/src/rp2_common/pico_crt0/crt0.S.obj
                0x10000100                __VECTOR_TABLE
                0x10000100                __vectors
                0x100001c0                isr_invalid
                0x100001c0                __default_isrs_start
                0x100001c2                isr_nmi
                0x100001c4                isr_hardfault
                0x100001c6                isr_svcall
                0x100001c8                isr_pendsv
                0x100001ca                isr_systick
                0x100001cc                isr_irq23
                0x100001cc                isr_irq18
                0x100001cc                isr_irq11
                0x100001cc                isr_irq28
                0x100001cc                isr_irq19
                0x100001cc                isr_irq0
                0x100001cc                isr_irq6
                0x100001cc                isr_irq5
                0x100001cc                isr_irq12
                0x100001cc                isr_irq22
                0x100001cc                isr_irq31
                0x100001cc                isr_irq17
                0x100001cc                isr_irq27
                0x100001cc                isr_irq30
                0x100001cc                isr_irq2
                0x100001cc                isr_irq10
                0x100001cc                isr_irq8
                0x100001cc                isr_irq24
                0x100001cc                isr_irq1
                0x100001cc                isr_irq7
                0x100001cc                isr_irq21
                0x100001cc                isr_irq20
                0x100001cc                isr_irq15
                0x100001cc                isr_irq25
                0x100001cc                isr_irq13
                0x100001cc                __unhandled_user_irq
                0x100001cc                isr_irq4
                0x100001cc                isr_irq16
                0x100001cc                isr_irq29
                0x100001cc                isr_irq26
                0x100001cc                __default_isrs_end
                0x100001cc                isr_irq3
                0x100001cc                isr_irq14
                0x100001cc                isr_irq9
                0x100001d2                unhandled_user_irq_num_in_r0
 *(.binary_info_header)
 .binary_info_header
                0x100001d4       0x14 CMakeFiles/game_console.dir/C_/Users/LiMa/.pico-sdk/sdk/2.1.1/src/rp2_common/pico_crt0/crt0.S.obj
                0x100001e8                        __binary_info_header_end = .
 *(.embedded_block)
                0x100001e8                        __embedded_block_end = .
 *(.reset)
 .reset         0x100001e8       0x9c CMakeFiles/game_console.dir/C_/Users/LiMa/.pico-sdk/sdk/2.1.1/src/rp2_common/pico_crt0/crt0.S.obj
                0x100001e8                _entry_point
 *(.init)
 .init          0x10000284        0x4 C:/Users/LiMa/.pico-sdk/toolchain/14_2_Rel1/bin/../lib/gcc/arm-none-eabi/14.2.1/thumb/v6-m/nofp/crti.o
                0x10000284                _init
 *(EXCLUDE_FILE(*libm.a: *libc.a:*lib_a-mem*.o *libgcc.a:) .text*)
 .text.register_tm_clones
                0x10000288       0x28 C:/Users/LiMa/.pico-sdk/toolchain/14_2_Rel1/bin/../lib/gcc/arm-none-eabi/14.2.1/thumb/v6-m/nofp/crtbegin.o
 .text.frame_dummy
                0x100002b0       0x24 C:/Users/LiMa/.pico-sdk/toolchain/14_2_Rel1/bin/../lib/gcc/arm-none-eabi/14.2.1/thumb/v6-m/nofp/crtbegin.o
 .text._ZN6Button5beginEv
                0x100002d4       0x20 CMakeFiles/game_console.dir/game_console.cpp.obj
                0x100002d4                Button::begin()
 .text.startup.main
                0x100002f4      0x400 CMakeFiles/game_console.dir/game_console.cpp.obj
                0x100002f4                main
 .text.startup._GLOBAL__sub_I_counter
                0x100006f4       0x78 CMakeFiles/game_console.dir/game_console.cpp.obj
 .text.gpio_set_function
                0x1000076c       0x34 CMakeFiles/game_console.dir/C_/Users/LiMa/.pico-sdk/sdk/2.1.1/src/rp2_common/hardware_gpio/gpio.c.obj
                0x1000076c                gpio_set_function
 .text.gpio_set_pulls
                0x100007a0       0x28 CMakeFiles/game_console.dir/C_/Users/LiMa/.pico-sdk/sdk/2.1.1/src/rp2_common/hardware_gpio/gpio.c.obj
                0x100007a0                gpio_set_pulls
 .text.gpio_init
                0x100007c8       0x40 CMakeFiles/game_console.dir/C_/Users/LiMa/.pico-sdk/sdk/2.1.1/src/rp2_common/hardware_gpio/gpio.c.obj
                0x100007c8                gpio_init
 .text.rp2040_chip_version
                0x10000808        0xc CMakeFiles/game_console.dir/C_/Users/LiMa/.pico-sdk/sdk/2.1.1/src/rp2040/pico_platform/platform.c.obj
                0x10000808                rp2040_chip_version
 .text.panic    0x10000814       0x30 CMakeFiles/game_console.dir/C_/Users/LiMa/.pico-sdk/sdk/2.1.1/src/rp2_common/pico_platform_panic/panic.c.obj
                0x10000814                panic
 .text.hw_claim_or_assert
                0x10000844       0x44 CMakeFiles/game_console.dir/C_/Users/LiMa/.pico-sdk/sdk/2.1.1/src/common/hardware_claim/claim.c.obj
                0x10000844                hw_claim_or_assert
 .text.hw_claim_unused_from_range
                0x10000888       0x88 CMakeFiles/game_console.dir/C_/Users/LiMa/.pico-sdk/sdk/2.1.1/src/common/hardware_claim/claim.c.obj
                0x10000888                hw_claim_unused_from_range
 .text.next_striped_spin_lock_num
                0x10000910       0x18 CMakeFiles/game_console.dir/C_/Users/LiMa/.pico-sdk/sdk/2.1.1/src/rp2_common/hardware_sync/sync.c.obj
                0x10000910                next_striped_spin_lock_num
 .text.spin_lock_claim_unused
                0x10000928       0x24 CMakeFiles/game_console.dir/C_/Users/LiMa/.pico-sdk/sdk/2.1.1/src/rp2_common/hardware_sync/sync.c.obj
                0x10000928                spin_lock_claim_unused
 .text.spin_locks_reset
                0x1000094c       0x1c CMakeFiles/game_console.dir/C_/Users/LiMa/.pico-sdk/sdk/2.1.1/src/rp2_common/hardware_sync_spin_lock/sync_spin_lock.c.obj
                0x1000094c                spin_locks_reset
 .text.runtime_init_per_core_irq_priorities
                0x10000968       0x24 CMakeFiles/game_console.dir/C_/Users/LiMa/.pico-sdk/sdk/2.1.1/src/rp2_common/hardware_irq/irq.c.obj
                0x10000968                runtime_init_per_core_irq_priorities
 .text.irq_set_enabled
                0x1000098c       0x24 CMakeFiles/game_console.dir/C_/Users/LiMa/.pico-sdk/sdk/2.1.1/src/rp2_common/hardware_irq/irq.c.obj
                0x1000098c                irq_set_enabled
 .text.irq_is_enabled
                0x100009b0       0x18 CMakeFiles/game_console.dir/C_/Users/LiMa/.pico-sdk/sdk/2.1.1/src/rp2_common/hardware_irq/irq.c.obj
                0x100009b0                irq_is_enabled
 .text.irq_set_pending
                0x100009c8       0x10 CMakeFiles/game_console.dir/C_/Users/LiMa/.pico-sdk/sdk/2.1.1/src/rp2_common/hardware_irq/irq.c.obj
                0x100009c8                irq_set_pending
 .text.irq_has_shared_handler
                0x100009d8       0x24 CMakeFiles/game_console.dir/C_/Users/LiMa/.pico-sdk/sdk/2.1.1/src/rp2_common/hardware_irq/irq.c.obj
                0x100009d8                irq_has_shared_handler
 .text.irq_set_exclusive_handler
                0x100009fc       0x54 CMakeFiles/game_console.dir/C_/Users/LiMa/.pico-sdk/sdk/2.1.1/src/rp2_common/hardware_irq/irq.c.obj
                0x100009fc                irq_set_exclusive_handler
 .text.irq_add_shared_handler
                0x10000a50      0x1f4 CMakeFiles/game_console.dir/C_/Users/LiMa/.pico-sdk/sdk/2.1.1/src/rp2_common/hardware_irq/irq.c.obj
                0x10000a50                irq_add_shared_handler
 .text.irq_add_tail_to_free_list
                0x10000c44       0xb4 CMakeFiles/game_console.dir/C_/Users/LiMa/.pico-sdk/sdk/2.1.1/src/rp2_common/hardware_irq/irq.c.obj
                0x10000c44                irq_add_tail_to_free_list
 .text.user_irq_claim_unused
                0x10000cf8       0x2c CMakeFiles/game_console.dir/C_/Users/LiMa/.pico-sdk/sdk/2.1.1/src/rp2_common/hardware_irq/irq.c.obj
                0x10000cf8                user_irq_claim_unused
 .text.lock_init
                0x10000d24       0x10 CMakeFiles/game_console.dir/C_/Users/LiMa/.pico-sdk/sdk/2.1.1/src/common/pico_sync/lock_core.c.obj
                0x10000d24                lock_init
 .text.runtime_init_mutex
                0x10000d34       0x50 CMakeFiles/game_console.dir/C_/Users/LiMa/.pico-sdk/sdk/2.1.1/src/common/pico_sync/mutex.c.obj
                0x10000d34                runtime_init_mutex
 .text.mutex_init
                0x10000d84       0x1c CMakeFiles/game_console.dir/C_/Users/LiMa/.pico-sdk/sdk/2.1.1/src/common/pico_sync/mutex.c.obj
                0x10000d84                mutex_init
 .text.critical_section_init
                0x10000da0       0x1c CMakeFiles/game_console.dir/C_/Users/LiMa/.pico-sdk/sdk/2.1.1/src/common/pico_sync/critical_section.c.obj
                0x10000da0                critical_section_init
 .text.critical_section_init_with_lock_num
                0x10000dbc       0x14 CMakeFiles/game_console.dir/C_/Users/LiMa/.pico-sdk/sdk/2.1.1/src/common/pico_sync/critical_section.c.obj
                0x10000dbc                critical_section_init_with_lock_num
 .text.sleep_until_callback
                0x10000dd0       0x30 CMakeFiles/game_console.dir/C_/Users/LiMa/.pico-sdk/sdk/2.1.1/src/common/pico_time/time.c.obj
 .text.alarm_pool_irq_handler
                0x10000e00      0x300 CMakeFiles/game_console.dir/C_/Users/LiMa/.pico-sdk/sdk/2.1.1/src/common/pico_time/time.c.obj
 .text.runtime_init_default_alarm_pool
                0x10001100       0xdc CMakeFiles/game_console.dir/C_/Users/LiMa/.pico-sdk/sdk/2.1.1/src/common/pico_time/time.c.obj
                0x10001100                runtime_init_default_alarm_pool
 .text.alarm_pool_get_default
                0x100011dc        0x8 CMakeFiles/game_console.dir/C_/Users/LiMa/.pico-sdk/sdk/2.1.1/src/common/pico_time/time.c.obj
                0x100011dc                alarm_pool_get_default
 .text.alarm_pool_add_alarm_at
                0x100011e4       0xd0 CMakeFiles/game_console.dir/C_/Users/LiMa/.pico-sdk/sdk/2.1.1/src/common/pico_time/time.c.obj
                0x100011e4                alarm_pool_add_alarm_at
 .text.alarm_pool_add_alarm_at_force_in_context
                0x100012b4       0xb0 CMakeFiles/game_console.dir/C_/Users/LiMa/.pico-sdk/sdk/2.1.1/src/common/pico_time/time.c.obj
                0x100012b4                alarm_pool_add_alarm_at_force_in_context
 .text.alarm_pool_cancel_alarm
                0x10001364       0x74 CMakeFiles/game_console.dir/C_/Users/LiMa/.pico-sdk/sdk/2.1.1/src/common/pico_time/time.c.obj
                0x10001364                alarm_pool_cancel_alarm
 .text.alarm_pool_core_num
                0x100013d8        0x4 CMakeFiles/game_console.dir/C_/Users/LiMa/.pico-sdk/sdk/2.1.1/src/common/pico_time/time.c.obj
                0x100013d8                alarm_pool_core_num
 .text.sleep_ms
                0x100013dc       0xfc CMakeFiles/game_console.dir/C_/Users/LiMa/.pico-sdk/sdk/2.1.1/src/common/pico_time/time.c.obj
                0x100013dc                sleep_ms
 .text.best_effort_wfe_or_timeout
                0x100014d8      0x10c CMakeFiles/game_console.dir/C_/Users/LiMa/.pico-sdk/sdk/2.1.1/src/common/pico_time/time.c.obj
                0x100014d8                best_effort_wfe_or_timeout
 .text.timer_hardware_alarm_claim
                0x100015e4       0x14 CMakeFiles/game_console.dir/C_/Users/LiMa/.pico-sdk/sdk/2.1.1/src/rp2_common/hardware_timer/timer.c.obj
                0x100015e4                timer_hardware_alarm_claim
 .text.timer_time_us_64
                0x100015f8       0x10 CMakeFiles/game_console.dir/C_/Users/LiMa/.pico-sdk/sdk/2.1.1/src/rp2_common/hardware_timer/timer.c.obj
                0x100015f8                timer_time_us_64
 .text.time_us_64
                0x10001608       0x14 CMakeFiles/game_console.dir/C_/Users/LiMa/.pico-sdk/sdk/2.1.1/src/rp2_common/hardware_timer/timer.c.obj
                0x10001608                time_us_64
 .text.busy_wait_until
                0x1000161c       0x20 CMakeFiles/game_console.dir/C_/Users/LiMa/.pico-sdk/sdk/2.1.1/src/rp2_common/hardware_timer/timer.c.obj
                0x1000161c                busy_wait_until
 .text.clock_configure_int_divider
                0x1000163c       0xf4 CMakeFiles/game_console.dir/C_/Users/LiMa/.pico-sdk/sdk/2.1.1/src/rp2_common/hardware_clocks/clocks.c.obj
                0x1000163c                clock_configure_int_divider
 .text.clock_configure_undivided
                0x10001730       0xe8 CMakeFiles/game_console.dir/C_/Users/LiMa/.pico-sdk/sdk/2.1.1/src/rp2_common/hardware_clocks/clocks.c.obj
                0x10001730                clock_configure_undivided
 .text.clock_get_hz
                0x10001818        0xc CMakeFiles/game_console.dir/C_/Users/LiMa/.pico-sdk/sdk/2.1.1/src/rp2_common/hardware_clocks/clocks.c.obj
                0x10001818                clock_get_hz
 .text.pll_init
                0x10001824       0xa4 CMakeFiles/game_console.dir/C_/Users/LiMa/.pico-sdk/sdk/2.1.1/src/rp2_common/hardware_pll/pll.c.obj
                0x10001824                pll_init
 .text.watchdog_reboot
                0x100018c8       0x9c CMakeFiles/game_console.dir/C_/Users/LiMa/.pico-sdk/sdk/2.1.1/src/rp2_common/hardware_watchdog/watchdog.c.obj
                0x100018c8                watchdog_reboot
 .text.tick_start
                0x10001964       0x10 CMakeFiles/game_console.dir/C_/Users/LiMa/.pico-sdk/sdk/2.1.1/src/rp2_common/hardware_ticks/ticks.c.obj
                0x10001964                tick_start
 .text.rom_func_lookup
                0x10001974       0x10 CMakeFiles/game_console.dir/C_/Users/LiMa/.pico-sdk/sdk/2.1.1/src/rp2_common/pico_bootrom/bootrom.c.obj
                0x10001974                rom_func_lookup
 .text.rom_data_lookup
                0x10001984       0x10 CMakeFiles/game_console.dir/C_/Users/LiMa/.pico-sdk/sdk/2.1.1/src/rp2_common/pico_bootrom/bootrom.c.obj
                0x10001984                rom_data_lookup
 .text.rom_funcs_lookup
                0x10001994       0x44 CMakeFiles/game_console.dir/C_/Users/LiMa/.pico-sdk/sdk/2.1.1/src/rp2_common/pico_bootrom/bootrom.c.obj
                0x10001994                rom_funcs_lookup
 .text.rom_reset_usb_boot_extra
                0x100019d8       0x24 CMakeFiles/game_console.dir/C_/Users/LiMa/.pico-sdk/sdk/2.1.1/src/rp2_common/pico_bootrom/bootrom.c.obj
                0x100019d8                rom_reset_usb_boot_extra
 .text.xosc_init
                0x100019fc       0x28 CMakeFiles/game_console.dir/C_/Users/LiMa/.pico-sdk/sdk/2.1.1/src/rp2_common/hardware_xosc/xosc.c.obj
                0x100019fc                xosc_init
 .text.first_per_core_initializer
                0x10001a24        0x4 CMakeFiles/game_console.dir/C_/Users/LiMa/.pico-sdk/sdk/2.1.1/src/rp2_common/pico_runtime/runtime.c.obj
 .text.hard_assertion_failure
                0x10001a28        0xc CMakeFiles/game_console.dir/C_/Users/LiMa/.pico-sdk/sdk/2.1.1/src/rp2_common/pico_runtime/runtime.c.obj
                0x10001a28                hard_assertion_failure
 .text.runtime_run_initializers
                0x10001a34       0x28 CMakeFiles/game_console.dir/C_/Users/LiMa/.pico-sdk/sdk/2.1.1/src/rp2_common/pico_runtime/runtime.c.obj
                0x10001a34                runtime_run_initializers
 .text.runtime_init_early_resets
                0x10001a5c       0x2c CMakeFiles/game_console.dir/C_/Users/LiMa/.pico-sdk/sdk/2.1.1/src/rp2_common/pico_runtime_init/runtime_init.c.obj
                0x10001a5c                runtime_init_early_resets
 .text.runtime_init_usb_power_down
                0x10001a88       0x1c CMakeFiles/game_console.dir/C_/Users/LiMa/.pico-sdk/sdk/2.1.1/src/rp2_common/pico_runtime_init/runtime_init.c.obj
                0x10001a88                runtime_init_usb_power_down
 .text.runtime_init_post_clock_resets
                0x10001aa4       0x20 CMakeFiles/game_console.dir/C_/Users/LiMa/.pico-sdk/sdk/2.1.1/src/rp2_common/pico_runtime_init/runtime_init.c.obj
                0x10001aa4                runtime_init_post_clock_resets
 .text.runtime_init_rp2040_gpio_ie_disable
                0x10001ac4       0x14 CMakeFiles/game_console.dir/C_/Users/LiMa/.pico-sdk/sdk/2.1.1/src/rp2_common/pico_runtime_init/runtime_init.c.obj
                0x10001ac4                runtime_init_rp2040_gpio_ie_disable
 .text.runtime_init_spin_locks_reset
                0x10001ad8        0x8 CMakeFiles/game_console.dir/C_/Users/LiMa/.pico-sdk/sdk/2.1.1/src/rp2_common/pico_runtime_init/runtime_init.c.obj
                0x10001ad8                runtime_init_spin_locks_reset
 .text.runtime_init_install_ram_vector_table
                0x10001ae0       0x1c CMakeFiles/game_console.dir/C_/Users/LiMa/.pico-sdk/sdk/2.1.1/src/rp2_common/pico_runtime_init/runtime_init.c.obj
                0x10001ae0                runtime_init_install_ram_vector_table
 .text.runtime_init_clocks
                0x10001afc       0xd8 CMakeFiles/game_console.dir/C_/Users/LiMa/.pico-sdk/sdk/2.1.1/src/rp2_common/pico_runtime_init/runtime_init_clocks.c.obj
                0x10001afc                runtime_init_clocks
 .text          0x10001bd4       0x10 CMakeFiles/game_console.dir/C_/Users/LiMa/.pico-sdk/sdk/2.1.1/src/rp2_common/pico_bit_ops/bit_ops_aeabi.S.obj
 .text.__wrap___aeabi_idiv
                0x10001be4       0x50 CMakeFiles/game_console.dir/C_/Users/LiMa/.pico-sdk/sdk/2.1.1/src/rp2_common/pico_divider/divider_hardware.S.obj
                0x10001be4                __wrap___aeabi_idivmod
                0x10001be4                divmod_s32s32
                0x10001be4                div_s32s32
                0x10001be4                __wrap___aeabi_idiv
                0x10001bec                divmod_s32s32_unsafe
                0x10001c18                divmod_s32s32_savestate
 .text.__wrap___aeabi_uidiv
                0x10001c34       0x4c CMakeFiles/game_console.dir/C_/Users/LiMa/.pico-sdk/sdk/2.1.1/src/rp2_common/pico_divider/divider_hardware.S.obj
                0x10001c34                __wrap___aeabi_uidiv
                0x10001c34                __wrap___aeabi_uidivmod
                0x10001c34                div_u32u32
                0x10001c34                divmod_u32u32
                0x10001c3c                divmod_u32u32_unsafe
                0x10001c64                divmod_u32u32_savestate
 .text.missing_double_func_shim
                0x10001c80        0xc CMakeFiles/game_console.dir/C_/Users/LiMa/.pico-sdk/sdk/2.1.1/src/rp2_common/pico_double/double_init_rom_rp2040.c.obj
 .text.__aeabi_double_init
                0x10001c8c       0xa0 CMakeFiles/game_console.dir/C_/Users/LiMa/.pico-sdk/sdk/2.1.1/src/rp2_common/pico_double/double_init_rom_rp2040.c.obj
                0x10001c8c                __aeabi_double_init
 .text.double_table_shim_on_use_helper
                0x10001d2c       0x2c CMakeFiles/game_console.dir/C_/Users/LiMa/.pico-sdk/sdk/2.1.1/src/rp2_common/pico_double/double_v1_rom_shim_rp2040.S.obj
                0x10001d2c                double_table_shim_on_use_helper
 .text.__aeabi_lmul
                0x10001d58       0x32 CMakeFiles/game_console.dir/C_/Users/LiMa/.pico-sdk/sdk/2.1.1/src/rp2_common/pico_int64_ops/pico_int64_ops_aeabi.S.obj
                0x10001d58                __wrap___aeabi_lmul
 *fill*         0x10001d8a        0x2 
 .text.missing_float_func_shim
                0x10001d8c        0xc CMakeFiles/game_console.dir/C_/Users/LiMa/.pico-sdk/sdk/2.1.1/src/rp2_common/pico_float/float_init_rom_rp2040.c.obj
 .text.__aeabi_float_init
                0x10001d98       0x5c CMakeFiles/game_console.dir/C_/Users/LiMa/.pico-sdk/sdk/2.1.1/src/rp2_common/pico_float/float_init_rom_rp2040.c.obj
                0x10001d98                __aeabi_float_init
 .text          0x10001df4       0x10 CMakeFiles/game_console.dir/C_/Users/LiMa/.pico-sdk/sdk/2.1.1/src/rp2_common/pico_mem_ops/mem_ops_aeabi.S.obj
                0x10001df4                __aeabi_mem_init
 .text.memset   0x10001e04        0xc CMakeFiles/game_console.dir/C_/Users/LiMa/.pico-sdk/sdk/2.1.1/src/rp2_common/pico_mem_ops/mem_ops_aeabi.S.obj
                0x10001e04                __wrap_memset
 .text.memcpy   0x10001e10        0xc CMakeFiles/game_console.dir/C_/Users/LiMa/.pico-sdk/sdk/2.1.1/src/rp2_common/pico_mem_ops/mem_ops_aeabi.S.obj
                0x10001e10                __wrap_memcpy
                0x10001e10                __wrap___aeabi_memcpy
 .text._out_char
                0x10001e1c       0x10 CMakeFiles/game_console.dir/C_/Users/LiMa/.pico-sdk/sdk/2.1.1/src/rp2_common/pico_printf/printf.c.obj
 .text.weak_raw_vprintf
                0x10001e2c       0x30 CMakeFiles/game_console.dir/C_/Users/LiMa/.pico-sdk/sdk/2.1.1/src/rp2_common/pico_printf/printf.c.obj
                0x10001e2c                weak_raw_vprintf
 .text._exit    0x10001e5c        0x4 CMakeFiles/game_console.dir/C_/Users/LiMa/.pico-sdk/sdk/2.1.1/src/rp2_common/pico_clib_interface/newlib_interface.c.obj
                0x10001e5c                _exit
 .text._getpid  0x10001e60        0x4 CMakeFiles/game_console.dir/C_/Users/LiMa/.pico-sdk/sdk/2.1.1/src/rp2_common/pico_clib_interface/newlib_interface.c.obj
                0x10001e60                _getpid
 .text._kill    0x10001e64        0x8 CMakeFiles/game_console.dir/C_/Users/LiMa/.pico-sdk/sdk/2.1.1/src/rp2_common/pico_clib_interface/newlib_interface.c.obj
                0x10001e64                _kill
 .text.exit     0x10001e6c        0x8 CMakeFiles/game_console.dir/C_/Users/LiMa/.pico-sdk/sdk/2.1.1/src/rp2_common/pico_clib_interface/newlib_interface.c.obj
                0x10001e6c                exit
 .text.runtime_init
                0x10001e74       0x2c CMakeFiles/game_console.dir/C_/Users/LiMa/.pico-sdk/sdk/2.1.1/src/rp2_common/pico_clib_interface/newlib_interface.c.obj
                0x10001e74                runtime_init
 .text.stdio_out_chars_no_crlf
                0x10001ea0       0x10 CMakeFiles/game_console.dir/C_/Users/LiMa/.pico-sdk/sdk/2.1.1/src/rp2_common/pico_stdio/stdio.c.obj
 .text.stdio_out_chars_crlf
                0x10001eb0       0xb0 CMakeFiles/game_console.dir/C_/Users/LiMa/.pico-sdk/sdk/2.1.1/src/rp2_common/pico_stdio/stdio.c.obj
 .text.stdio_put_string
                0x10001f60       0xfc CMakeFiles/game_console.dir/C_/Users/LiMa/.pico-sdk/sdk/2.1.1/src/rp2_common/pico_stdio/stdio.c.obj
                0x10001f60                stdio_put_string
 .text.stdio_set_driver_enabled
                0x1000205c       0x30 CMakeFiles/game_console.dir/C_/Users/LiMa/.pico-sdk/sdk/2.1.1/src/rp2_common/pico_stdio/stdio.c.obj
                0x1000205c                stdio_set_driver_enabled
 .text.stdio_init_all
                0x1000208c        0x8 CMakeFiles/game_console.dir/C_/Users/LiMa/.pico-sdk/sdk/2.1.1/src/rp2_common/pico_stdio/stdio.c.obj
                0x1000208c                stdio_init_all
 .text.__wrap_putchar
                0x10002094       0x94 CMakeFiles/game_console.dir/C_/Users/LiMa/.pico-sdk/sdk/2.1.1/src/rp2_common/pico_stdio/stdio.c.obj
                0x10002094                __wrap_putchar
                0x10002094                stdio_putchar
 .text.__wrap_puts
                0x10002128       0x3c CMakeFiles/game_console.dir/C_/Users/LiMa/.pico-sdk/sdk/2.1.1/src/rp2_common/pico_stdio/stdio.c.obj
                0x10002128                stdio_puts
                0x10002128                __wrap_puts
 .text.resetd_init
                0x10002164        0x4 CMakeFiles/game_console.dir/C_/Users/LiMa/.pico-sdk/sdk/2.1.1/src/rp2_common/pico_stdio_usb/reset_interface.c.obj
 .text.resetd_reset
                0x10002168        0xc CMakeFiles/game_console.dir/C_/Users/LiMa/.pico-sdk/sdk/2.1.1/src/rp2_common/pico_stdio_usb/reset_interface.c.obj
 .text.resetd_open
                0x10002174       0x28 CMakeFiles/game_console.dir/C_/Users/LiMa/.pico-sdk/sdk/2.1.1/src/rp2_common/pico_stdio_usb/reset_interface.c.obj
 .text.resetd_xfer_cb
                0x1000219c        0x4 CMakeFiles/game_console.dir/C_/Users/LiMa/.pico-sdk/sdk/2.1.1/src/rp2_common/pico_stdio_usb/reset_interface.c.obj
 .text.resetd_control_xfer_cb
                0x100021a0       0x54 CMakeFiles/game_console.dir/C_/Users/LiMa/.pico-sdk/sdk/2.1.1/src/rp2_common/pico_stdio_usb/reset_interface.c.obj
 .text.tud_descriptor_bos_cb
                0x100021f4        0x8 CMakeFiles/game_console.dir/C_/Users/LiMa/.pico-sdk/sdk/2.1.1/src/rp2_common/pico_stdio_usb/reset_interface.c.obj
                0x100021f4                tud_descriptor_bos_cb
 .text.tud_vendor_control_xfer_cb
                0x100021fc       0x34 CMakeFiles/game_console.dir/C_/Users/LiMa/.pico-sdk/sdk/2.1.1/src/rp2_common/pico_stdio_usb/reset_interface.c.obj
                0x100021fc                tud_vendor_control_xfer_cb
 .text.usbd_app_driver_get_cb
                0x10002230        0xc CMakeFiles/game_console.dir/C_/Users/LiMa/.pico-sdk/sdk/2.1.1/src/rp2_common/pico_stdio_usb/reset_interface.c.obj
                0x10002230                usbd_app_driver_get_cb
 .text.tud_cdc_line_coding_cb
                0x1000223c       0x2c CMakeFiles/game_console.dir/C_/Users/LiMa/.pico-sdk/sdk/2.1.1/src/rp2_common/pico_stdio_usb/reset_interface.c.obj
                0x1000223c                tud_cdc_line_coding_cb
 .text.stdio_usb_set_chars_available_callback
                0x10002268       0x14 CMakeFiles/game_console.dir/C_/Users/LiMa/.pico-sdk/sdk/2.1.1/src/rp2_common/pico_stdio_usb/stdio_usb.c.obj
                0x10002268                stdio_usb_set_chars_available_callback
 .text.usb_irq  0x1000227c       0x10 CMakeFiles/game_console.dir/C_/Users/LiMa/.pico-sdk/sdk/2.1.1/src/rp2_common/pico_stdio_usb/stdio_usb.c.obj
 .text.timer_task
                0x1000228c       0x64 CMakeFiles/game_console.dir/C_/Users/LiMa/.pico-sdk/sdk/2.1.1/src/rp2_common/pico_stdio_usb/stdio_usb.c.obj
 .text.stdio_usb_in_chars
                0x100022f0       0x8c CMakeFiles/game_console.dir/C_/Users/LiMa/.pico-sdk/sdk/2.1.1/src/rp2_common/pico_stdio_usb/stdio_usb.c.obj
                0x100022f0                stdio_usb_in_chars
 .text.stdio_usb_out_flush
                0x1000237c       0x4c CMakeFiles/game_console.dir/C_/Users/LiMa/.pico-sdk/sdk/2.1.1/src/rp2_common/pico_stdio_usb/stdio_usb.c.obj
 .text.stdio_usb_out_chars
                0x100023c8      0x100 CMakeFiles/game_console.dir/C_/Users/LiMa/.pico-sdk/sdk/2.1.1/src/rp2_common/pico_stdio_usb/stdio_usb.c.obj
 .text.low_priority_worker_irq
                0x100024c8       0xc8 CMakeFiles/game_console.dir/C_/Users/LiMa/.pico-sdk/sdk/2.1.1/src/rp2_common/pico_stdio_usb/stdio_usb.c.obj
 .text.stdio_usb_init
                0x10002590       0xe8 CMakeFiles/game_console.dir/C_/Users/LiMa/.pico-sdk/sdk/2.1.1/src/rp2_common/pico_stdio_usb/stdio_usb.c.obj
                0x10002590                stdio_usb_init
 .text.tud_descriptor_device_cb
                0x10002678        0x8 CMakeFiles/game_console.dir/C_/Users/LiMa/.pico-sdk/sdk/2.1.1/src/rp2_common/pico_stdio_usb/stdio_usb_descriptors.c.obj
                0x10002678                tud_descriptor_device_cb
 .text.tud_descriptor_configuration_cb
                0x10002680        0x8 CMakeFiles/game_console.dir/C_/Users/LiMa/.pico-sdk/sdk/2.1.1/src/rp2_common/pico_stdio_usb/stdio_usb_descriptors.c.obj
                0x10002680                tud_descriptor_configuration_cb
 .text.tud_descriptor_string_cb
                0x10002688       0x78 CMakeFiles/game_console.dir/C_/Users/LiMa/.pico-sdk/sdk/2.1.1/src/rp2_common/pico_stdio_usb/stdio_usb_descriptors.c.obj
                0x10002688                tud_descriptor_string_cb
 .text.startup._retrieve_unique_id_on_boot
                0x10002700       0x10 CMakeFiles/game_console.dir/C_/Users/LiMa/.pico-sdk/sdk/2.1.1/src/rp2_common/pico_unique_id/unique_id.c.obj
 .text.pico_get_unique_board_id_string
                0x10002710      0x1a8 CMakeFiles/game_console.dir/C_/Users/LiMa/.pico-sdk/sdk/2.1.1/src/rp2_common/pico_unique_id/unique_id.c.obj
                0x10002710                pico_get_unique_board_id_string
 .text.flash_get_unique_id
                0x100028b8       0x3c CMakeFiles/game_console.dir/C_/Users/LiMa/.pico-sdk/sdk/2.1.1/src/rp2_common/hardware_flash/flash.c.obj
                0x100028b8                flash_get_unique_id
 .text.dcd_init
                0x100028f4       0x90 CMakeFiles/game_console.dir/C_/Users/LiMa/.pico-sdk/sdk/2.1.1/lib/tinyusb/src/portable/raspberrypi/rp2040/dcd_rp2040.c.obj
                0x100028f4                dcd_init
 .text.dcd_int_enable
                0x10002984        0xc CMakeFiles/game_console.dir/C_/Users/LiMa/.pico-sdk/sdk/2.1.1/lib/tinyusb/src/portable/raspberrypi/rp2040/dcd_rp2040.c.obj
                0x10002984                dcd_int_enable
 .text.dcd_set_address
                0x10002990       0x14 CMakeFiles/game_console.dir/C_/Users/LiMa/.pico-sdk/sdk/2.1.1/lib/tinyusb/src/portable/raspberrypi/rp2040/dcd_rp2040.c.obj
                0x10002990                dcd_set_address
 .text.dcd_sof_enable
                0x100029a4       0x1c CMakeFiles/game_console.dir/C_/Users/LiMa/.pico-sdk/sdk/2.1.1/lib/tinyusb/src/portable/raspberrypi/rp2040/dcd_rp2040.c.obj
                0x100029a4                dcd_sof_enable
 .text.dcd_edpt0_status_complete
                0x100029c0       0x1c CMakeFiles/game_console.dir/C_/Users/LiMa/.pico-sdk/sdk/2.1.1/lib/tinyusb/src/portable/raspberrypi/rp2040/dcd_rp2040.c.obj
                0x100029c0                dcd_edpt0_status_complete
 .text.dcd_edpt_open
                0x100029dc      0x114 CMakeFiles/game_console.dir/C_/Users/LiMa/.pico-sdk/sdk/2.1.1/lib/tinyusb/src/portable/raspberrypi/rp2040/dcd_rp2040.c.obj
                0x100029dc                dcd_edpt_open
 .text.dcd_edpt_close_all
                0x10002af0        0x8 CMakeFiles/game_console.dir/C_/Users/LiMa/.pico-sdk/sdk/2.1.1/lib/tinyusb/src/portable/raspberrypi/rp2040/dcd_rp2040.c.obj
                0x10002af0                dcd_edpt_close_all
 .text.dcd_edpt_xfer
                0x10002af8       0x24 CMakeFiles/game_console.dir/C_/Users/LiMa/.pico-sdk/sdk/2.1.1/lib/tinyusb/src/portable/raspberrypi/rp2040/dcd_rp2040.c.obj
                0x10002af8                dcd_edpt_xfer
 .text.dcd_edpt_stall
                0x10002b1c       0x3c CMakeFiles/game_console.dir/C_/Users/LiMa/.pico-sdk/sdk/2.1.1/lib/tinyusb/src/portable/raspberrypi/rp2040/dcd_rp2040.c.obj
                0x10002b1c                dcd_edpt_stall
 .text.dcd_edpt_clear_stall
                0x10002b58       0x30 CMakeFiles/game_console.dir/C_/Users/LiMa/.pico-sdk/sdk/2.1.1/lib/tinyusb/src/portable/raspberrypi/rp2040/dcd_rp2040.c.obj
                0x10002b58                dcd_edpt_clear_stall
 .text.rp2040_usb_init
                0x10002b88       0x40 CMakeFiles/game_console.dir/C_/Users/LiMa/.pico-sdk/sdk/2.1.1/lib/tinyusb/src/portable/raspberrypi/rp2040/rp2040_usb.c.obj
                0x10002b88                rp2040_usb_init
 .text.hw_endpoint_xfer_start
                0x10002bc8       0x40 CMakeFiles/game_console.dir/C_/Users/LiMa/.pico-sdk/sdk/2.1.1/lib/tinyusb/src/portable/raspberrypi/rp2040/rp2040_usb.c.obj
                0x10002bc8                hw_endpoint_xfer_start
 .text.tud_event_hook_cb
                0x10002c08        0x4 CMakeFiles/game_console.dir/C_/Users/LiMa/.pico-sdk/sdk/2.1.1/lib/tinyusb/src/device/usbd.c.obj
                0x10002c08                tud_event_hook_cb
 .text.tud_sof_cb
                0x10002c0c        0x4 CMakeFiles/game_console.dir/C_/Users/LiMa/.pico-sdk/sdk/2.1.1/lib/tinyusb/src/device/usbd.c.obj
                0x10002c0c                tud_sof_cb
 .text.tud_descriptor_device_qualifier_cb
                0x10002c10        0x4 CMakeFiles/game_console.dir/C_/Users/LiMa/.pico-sdk/sdk/2.1.1/lib/tinyusb/src/device/usbd.c.obj
                0x10002c10                tud_descriptor_device_qualifier_cb
 .text.tud_descriptor_other_speed_configuration_cb
                0x10002c14        0x4 CMakeFiles/game_console.dir/C_/Users/LiMa/.pico-sdk/sdk/2.1.1/lib/tinyusb/src/device/usbd.c.obj
                0x10002c14                tud_descriptor_other_speed_configuration_cb
 .text.tud_mount_cb
                0x10002c18        0x4 CMakeFiles/game_console.dir/C_/Users/LiMa/.pico-sdk/sdk/2.1.1/lib/tinyusb/src/device/usbd.c.obj
                0x10002c18                tud_mount_cb
 .text.tud_umount_cb
                0x10002c1c        0x4 CMakeFiles/game_console.dir/C_/Users/LiMa/.pico-sdk/sdk/2.1.1/lib/tinyusb/src/device/usbd.c.obj
                0x10002c1c                tud_umount_cb
 .text.tud_suspend_cb
                0x10002c20        0x4 CMakeFiles/game_console.dir/C_/Users/LiMa/.pico-sdk/sdk/2.1.1/lib/tinyusb/src/device/usbd.c.obj
                0x10002c20                tud_suspend_cb
 .text.tud_resume_cb
                0x10002c24        0x4 CMakeFiles/game_console.dir/C_/Users/LiMa/.pico-sdk/sdk/2.1.1/lib/tinyusb/src/device/usbd.c.obj
                0x10002c24                tud_resume_cb
 .text.tud_mounted
                0x10002c28       0x10 CMakeFiles/game_console.dir/C_/Users/LiMa/.pico-sdk/sdk/2.1.1/lib/tinyusb/src/device/usbd.c.obj
                0x10002c28                tud_mounted
 .text.tud_suspended
                0x10002c38       0x10 CMakeFiles/game_console.dir/C_/Users/LiMa/.pico-sdk/sdk/2.1.1/lib/tinyusb/src/device/usbd.c.obj
                0x10002c38                tud_suspended
 .text.tud_rhport_init
                0x10002c48       0xf4 CMakeFiles/game_console.dir/C_/Users/LiMa/.pico-sdk/sdk/2.1.1/lib/tinyusb/src/device/usbd.c.obj
                0x10002c48                tud_rhport_init
 .text.tud_task_ext
                0x10002d3c      0x800 CMakeFiles/game_console.dir/C_/Users/LiMa/.pico-sdk/sdk/2.1.1/lib/tinyusb/src/device/usbd.c.obj
                0x10002d3c                tud_task_ext
 .text.usbd_open_edpt_pair
                0x1000353c       0x9c CMakeFiles/game_console.dir/C_/Users/LiMa/.pico-sdk/sdk/2.1.1/lib/tinyusb/src/device/usbd.c.obj
                0x1000353c                usbd_open_edpt_pair
 .text.usbd_edpt_open
                0x100035d8       0x34 CMakeFiles/game_console.dir/C_/Users/LiMa/.pico-sdk/sdk/2.1.1/lib/tinyusb/src/device/usbd.c.obj
                0x100035d8                usbd_edpt_open
 .text.usbd_edpt_claim
                0x1000360c       0x28 CMakeFiles/game_console.dir/C_/Users/LiMa/.pico-sdk/sdk/2.1.1/lib/tinyusb/src/device/usbd.c.obj
                0x1000360c                usbd_edpt_claim
 .text.usbd_edpt_release
                0x10003634       0x28 CMakeFiles/game_console.dir/C_/Users/LiMa/.pico-sdk/sdk/2.1.1/lib/tinyusb/src/device/usbd.c.obj
                0x10003634                usbd_edpt_release
 .text.usbd_edpt_xfer
                0x1000365c       0x4c CMakeFiles/game_console.dir/C_/Users/LiMa/.pico-sdk/sdk/2.1.1/lib/tinyusb/src/device/usbd.c.obj
                0x1000365c                usbd_edpt_xfer
 .text.tud_control_status
                0x100036a8       0x2c CMakeFiles/game_console.dir/C_/Users/LiMa/.pico-sdk/sdk/2.1.1/lib/tinyusb/src/device/usbd_control.c.obj
                0x100036a8                tud_control_status
 .text.tud_control_xfer
                0x100036d4       0xa8 CMakeFiles/game_console.dir/C_/Users/LiMa/.pico-sdk/sdk/2.1.1/lib/tinyusb/src/device/usbd_control.c.obj
                0x100036d4                tud_control_xfer
 .text.usbd_control_reset
                0x1000377c       0x14 CMakeFiles/game_console.dir/C_/Users/LiMa/.pico-sdk/sdk/2.1.1/lib/tinyusb/src/device/usbd_control.c.obj
                0x1000377c                usbd_control_reset
 .text.usbd_control_set_complete_callback
                0x10003790        0xc CMakeFiles/game_console.dir/C_/Users/LiMa/.pico-sdk/sdk/2.1.1/lib/tinyusb/src/device/usbd_control.c.obj
                0x10003790                usbd_control_set_complete_callback
 .text.usbd_control_set_request
                0x1000379c       0x1c CMakeFiles/game_console.dir/C_/Users/LiMa/.pico-sdk/sdk/2.1.1/lib/tinyusb/src/device/usbd_control.c.obj
                0x1000379c                usbd_control_set_request
 .text.usbd_control_xfer_cb
                0x100037b8       0xec CMakeFiles/game_console.dir/C_/Users/LiMa/.pico-sdk/sdk/2.1.1/lib/tinyusb/src/device/usbd_control.c.obj
                0x100037b8                usbd_control_xfer_cb
 .text._prep_out_transaction.isra.0
                0x100038a4       0x6c CMakeFiles/game_console.dir/C_/Users/LiMa/.pico-sdk/sdk/2.1.1/lib/tinyusb/src/class/cdc/cdc_device.c.obj
 .text.tud_cdc_n_connected
                0x10003910       0x2c CMakeFiles/game_console.dir/C_/Users/LiMa/.pico-sdk/sdk/2.1.1/lib/tinyusb/src/class/cdc/cdc_device.c.obj
                0x10003910                tud_cdc_n_connected
 .text.tud_cdc_n_available
                0x1000393c       0x14 CMakeFiles/game_console.dir/C_/Users/LiMa/.pico-sdk/sdk/2.1.1/lib/tinyusb/src/class/cdc/cdc_device.c.obj
                0x1000393c                tud_cdc_n_available
 .text.tud_cdc_n_read
                0x10003950       0x88 CMakeFiles/game_console.dir/C_/Users/LiMa/.pico-sdk/sdk/2.1.1/lib/tinyusb/src/class/cdc/cdc_device.c.obj
                0x10003950                tud_cdc_n_read
 .text.tud_cdc_n_write_flush
                0x100039d8       0x74 CMakeFiles/game_console.dir/C_/Users/LiMa/.pico-sdk/sdk/2.1.1/lib/tinyusb/src/class/cdc/cdc_device.c.obj
                0x100039d8                tud_cdc_n_write_flush
 .text.tud_cdc_n_write
                0x10003a4c       0x40 CMakeFiles/game_console.dir/C_/Users/LiMa/.pico-sdk/sdk/2.1.1/lib/tinyusb/src/class/cdc/cdc_device.c.obj
                0x10003a4c                tud_cdc_n_write
 .text.tud_cdc_n_write_available
                0x10003a8c       0x14 CMakeFiles/game_console.dir/C_/Users/LiMa/.pico-sdk/sdk/2.1.1/lib/tinyusb/src/class/cdc/cdc_device.c.obj
                0x10003a8c                tud_cdc_n_write_available
 .text.cdcd_init
                0x10003aa0       0x70 CMakeFiles/game_console.dir/C_/Users/LiMa/.pico-sdk/sdk/2.1.1/lib/tinyusb/src/class/cdc/cdc_device.c.obj
                0x10003aa0                cdcd_init
 .text.cdcd_deinit
                0x10003b10       0x30 CMakeFiles/game_console.dir/C_/Users/LiMa/.pico-sdk/sdk/2.1.1/lib/tinyusb/src/class/cdc/cdc_device.c.obj
                0x10003b10                cdcd_deinit
 .text.cdcd_reset
                0x10003b40       0x4c CMakeFiles/game_console.dir/C_/Users/LiMa/.pico-sdk/sdk/2.1.1/lib/tinyusb/src/class/cdc/cdc_device.c.obj
                0x10003b40                cdcd_reset
 .text.cdcd_open
                0x10003b8c       0xa4 CMakeFiles/game_console.dir/C_/Users/LiMa/.pico-sdk/sdk/2.1.1/lib/tinyusb/src/class/cdc/cdc_device.c.obj
                0x10003b8c                cdcd_open
 .text.cdcd_control_xfer_cb
                0x10003c30       0xe8 CMakeFiles/game_console.dir/C_/Users/LiMa/.pico-sdk/sdk/2.1.1/lib/tinyusb/src/class/cdc/cdc_device.c.obj
                0x10003c30                cdcd_control_xfer_cb
 .text.cdcd_xfer_cb
                0x10003d18      0x100 CMakeFiles/game_console.dir/C_/Users/LiMa/.pico-sdk/sdk/2.1.1/lib/tinyusb/src/class/cdc/cdc_device.c.obj
                0x10003d18                cdcd_xfer_cb
 .text.vendord_init
                0x10003e18       0x5c CMakeFiles/game_console.dir/C_/Users/LiMa/.pico-sdk/sdk/2.1.1/lib/tinyusb/src/class/vendor/vendor_device.c.obj
                0x10003e18                vendord_init
 .text.vendord_deinit
                0x10003e74       0x1c CMakeFiles/game_console.dir/C_/Users/LiMa/.pico-sdk/sdk/2.1.1/lib/tinyusb/src/class/vendor/vendor_device.c.obj
                0x10003e74                vendord_deinit
 .text.vendord_reset
                0x10003e90       0x28 CMakeFiles/game_console.dir/C_/Users/LiMa/.pico-sdk/sdk/2.1.1/lib/tinyusb/src/class/vendor/vendor_device.c.obj
                0x10003e90                vendord_reset
 .text.vendord_open
                0x10003eb8      0x120 CMakeFiles/game_console.dir/C_/Users/LiMa/.pico-sdk/sdk/2.1.1/lib/tinyusb/src/class/vendor/vendor_device.c.obj
                0x10003eb8                vendord_open
 .text.vendord_xfer_cb
                0x10003fd8       0x9c CMakeFiles/game_console.dir/C_/Users/LiMa/.pico-sdk/sdk/2.1.1/lib/tinyusb/src/class/vendor/vendor_device.c.obj
                0x10003fd8                vendord_xfer_cb
 .text.tusb_rhport_init
                0x10004074       0x4c CMakeFiles/game_console.dir/C_/Users/LiMa/.pico-sdk/sdk/2.1.1/lib/tinyusb/src/tusb.c.obj
                0x10004074                tusb_rhport_init
 .text.tu_edpt_claim
                0x100040c0       0x50 CMakeFiles/game_console.dir/C_/Users/LiMa/.pico-sdk/sdk/2.1.1/lib/tinyusb/src/tusb.c.obj
                0x100040c0                tu_edpt_claim
 .text.tu_edpt_release
                0x10004110       0x38 CMakeFiles/game_console.dir/C_/Users/LiMa/.pico-sdk/sdk/2.1.1/lib/tinyusb/src/tusb.c.obj
                0x10004110                tu_edpt_release
 .text.tu_edpt_validate
                0x10004148       0x7c CMakeFiles/game_console.dir/C_/Users/LiMa/.pico-sdk/sdk/2.1.1/lib/tinyusb/src/tusb.c.obj
                0x10004148                tu_edpt_validate
 .text.tu_edpt_bind_driver
                0x100041c4       0x34 CMakeFiles/game_console.dir/C_/Users/LiMa/.pico-sdk/sdk/2.1.1/lib/tinyusb/src/tusb.c.obj
                0x100041c4                tu_edpt_bind_driver
 .text.tu_edpt_stream_init
                0x100041f8       0x6c CMakeFiles/game_console.dir/C_/Users/LiMa/.pico-sdk/sdk/2.1.1/lib/tinyusb/src/tusb.c.obj
                0x100041f8                tu_edpt_stream_init
 .text.tu_edpt_stream_deinit
                0x10004264        0x4 CMakeFiles/game_console.dir/C_/Users/LiMa/.pico-sdk/sdk/2.1.1/lib/tinyusb/src/tusb.c.obj
                0x10004264                tu_edpt_stream_deinit
 .text.tu_edpt_stream_write_zlp_if_needed
                0x10004268       0x68 CMakeFiles/game_console.dir/C_/Users/LiMa/.pico-sdk/sdk/2.1.1/lib/tinyusb/src/tusb.c.obj
                0x10004268                tu_edpt_stream_write_zlp_if_needed
 .text.tu_edpt_stream_write_xfer
                0x100042d0       0x68 CMakeFiles/game_console.dir/C_/Users/LiMa/.pico-sdk/sdk/2.1.1/lib/tinyusb/src/tusb.c.obj
                0x100042d0                tu_edpt_stream_write_xfer
 .text.tu_edpt_stream_read_xfer
                0x10004338       0xd8 CMakeFiles/game_console.dir/C_/Users/LiMa/.pico-sdk/sdk/2.1.1/lib/tinyusb/src/tusb.c.obj
                0x10004338                tu_edpt_stream_read_xfer
 .text.tu_fifo_config
                0x10004410       0x6c CMakeFiles/game_console.dir/C_/Users/LiMa/.pico-sdk/sdk/2.1.1/lib/tinyusb/src/common/tusb_fifo.c.obj
                0x10004410                tu_fifo_config
 .text.tu_fifo_count
                0x1000447c       0x2c CMakeFiles/game_console.dir/C_/Users/LiMa/.pico-sdk/sdk/2.1.1/lib/tinyusb/src/common/tusb_fifo.c.obj
                0x1000447c                tu_fifo_count
 .text.tu_fifo_empty
                0x100044a8       0x10 CMakeFiles/game_console.dir/C_/Users/LiMa/.pico-sdk/sdk/2.1.1/lib/tinyusb/src/common/tusb_fifo.c.obj
                0x100044a8                tu_fifo_empty
 .text.tu_fifo_remaining
                0x100044b8       0x2c CMakeFiles/game_console.dir/C_/Users/LiMa/.pico-sdk/sdk/2.1.1/lib/tinyusb/src/common/tusb_fifo.c.obj
                0x100044b8                tu_fifo_remaining
 .text.tu_fifo_read
                0x100044e4       0x9c CMakeFiles/game_console.dir/C_/Users/LiMa/.pico-sdk/sdk/2.1.1/lib/tinyusb/src/common/tusb_fifo.c.obj
                0x100044e4                tu_fifo_read
 .text.tu_fifo_read_n
                0x10004580       0xe8 CMakeFiles/game_console.dir/C_/Users/LiMa/.pico-sdk/sdk/2.1.1/lib/tinyusb/src/common/tusb_fifo.c.obj
                0x10004580                tu_fifo_read_n
 .text.tu_fifo_write
                0x10004668       0xa4 CMakeFiles/game_console.dir/C_/Users/LiMa/.pico-sdk/sdk/2.1.1/lib/tinyusb/src/common/tusb_fifo.c.obj
                0x10004668                tu_fifo_write
 .text.tu_fifo_write_n
                0x1000470c      0x178 CMakeFiles/game_console.dir/C_/Users/LiMa/.pico-sdk/sdk/2.1.1/lib/tinyusb/src/common/tusb_fifo.c.obj
                0x1000470c                tu_fifo_write_n
 .text.tu_fifo_clear
                0x10004884       0x40 CMakeFiles/game_console.dir/C_/Users/LiMa/.pico-sdk/sdk/2.1.1/lib/tinyusb/src/common/tusb_fifo.c.obj
                0x10004884                tu_fifo_clear
 .text.tu_fifo_set_overwritable
                0x100048c4       0x48 CMakeFiles/game_console.dir/C_/Users/LiMa/.pico-sdk/sdk/2.1.1/lib/tinyusb/src/common/tusb_fifo.c.obj
                0x100048c4                tu_fifo_set_overwritable
 .text.spi_init
                0x1000490c      0x13c CMakeFiles/game_console.dir/C_/Users/LiMa/.pico-sdk/sdk/2.1.1/src/rp2_common/hardware_spi/spi.c.obj
                0x1000490c                spi_init
 .text.abort    0x10004a48       0x10 C:/Users/LiMa/.pico-sdk/toolchain/14_2_Rel1/bin/../lib/gcc/arm-none-eabi/14.2.1/thumb/v6-m/nofp\libg.a(libc_a-abort.o)
                0x10004a48                abort
 .text.raise    0x10004a58       0x5c C:/Users/LiMa/.pico-sdk/toolchain/14_2_Rel1/bin/../lib/gcc/arm-none-eabi/14.2.1/thumb/v6-m/nofp\libg.a(libc_a-signal.o)
                0x10004a58                raise
 .text._kill_r  0x10004ab4       0x28 C:/Users/LiMa/.pico-sdk/toolchain/14_2_Rel1/bin/../lib/gcc/arm-none-eabi/14.2.1/thumb/v6-m/nofp\libg.a(libc_a-signalr.o)
                0x10004ab4                _kill_r
 .text._getpid_r
                0x10004adc        0x8 C:/Users/LiMa/.pico-sdk/toolchain/14_2_Rel1/bin/../lib/gcc/arm-none-eabi/14.2.1/thumb/v6-m/nofp\libg.a(libc_a-signalr.o)
                0x10004adc                _getpid_r
 .text.strlen   0x10004ae4       0x5c C:/Users/LiMa/.pico-sdk/toolchain/14_2_Rel1/bin/../lib/gcc/arm-none-eabi/14.2.1/thumb/v6-m/nofp\libg.a(libc_a-strlen-stub.o)
                0x10004ae4                strlen
 *(.fini)
 .fini          0x10004b40        0x4 C:/Users/LiMa/.pico-sdk/toolchain/14_2_Rel1/bin/../lib/gcc/arm-none-eabi/14.2.1/thumb/v6-m/nofp/crti.o
                0x10004b40                _fini
 *fill*         0x10004b44        0x4 
 .fini.__stub   0x10004b48       0xc0 linker stubs
 *crtbegin.o(.ctors)
 *crtbegin?.o(.ctors)
 *(EXCLUDE_FILE(*crtend.o *crtend?.o) .ctors)
 *(SORT_BY_NAME(.ctors.*))
 *(.ctors)
 *crtbegin.o(.dtors)
 *crtbegin?.o(.dtors)
 *(EXCLUDE_FILE(*crtend.o *crtend?.o) .dtors)
 *(SORT_BY_NAME(.dtors.*))
 *(.dtors)
                0x10004c08                        . = ALIGN (0x4)
                0x10004c08                        PROVIDE (__preinit_array_start = .)
 *(SORT_BY_NAME(.preinit_array.*))
 .preinit_array.00100
                0x10004c08        0x4 CMakeFiles/game_console.dir/C_/Users/LiMa/.pico-sdk/sdk/2.1.1/src/rp2_common/pico_runtime_init/runtime_init.c.obj
                0x10004c08                __pre_init_runtime_init_early_resets
 .preinit_array.00101
                0x10004c0c        0x4 CMakeFiles/game_console.dir/C_/Users/LiMa/.pico-sdk/sdk/2.1.1/src/rp2_common/pico_runtime_init/runtime_init.c.obj
                0x10004c0c                __pre_init_runtime_init_usb_power_down
 .preinit_array.00275
                0x10004c10        0x4 CMakeFiles/game_console.dir/C_/Users/LiMa/.pico-sdk/sdk/2.1.1/src/rp2_common/pico_bit_ops/bit_ops_aeabi.S.obj
 .preinit_array.00300
                0x10004c14        0x4 CMakeFiles/game_console.dir/C_/Users/LiMa/.pico-sdk/sdk/2.1.1/src/rp2_common/pico_mem_ops/mem_ops_aeabi.S.obj
 .preinit_array.00350
                0x10004c18        0x4 CMakeFiles/game_console.dir/C_/Users/LiMa/.pico-sdk/sdk/2.1.1/src/rp2_common/pico_double/double_aeabi_rp2040.S.obj
 .preinit_array.00350
                0x10004c1c        0x4 CMakeFiles/game_console.dir/C_/Users/LiMa/.pico-sdk/sdk/2.1.1/src/rp2_common/pico_float/float_aeabi_rp2040.S.obj
 .preinit_array.00500
                0x10004c20        0x4 CMakeFiles/game_console.dir/C_/Users/LiMa/.pico-sdk/sdk/2.1.1/src/rp2_common/pico_runtime_init/runtime_init.c.obj
                0x10004c20                __pre_init_runtime_init_clocks
 .preinit_array.00600
                0x10004c24        0x4 CMakeFiles/game_console.dir/C_/Users/LiMa/.pico-sdk/sdk/2.1.1/src/rp2_common/pico_runtime_init/runtime_init.c.obj
                0x10004c24                __pre_init_runtime_init_post_clock_resets
 .preinit_array.00700
                0x10004c28        0x4 CMakeFiles/game_console.dir/C_/Users/LiMa/.pico-sdk/sdk/2.1.1/src/rp2_common/pico_runtime_init/runtime_init.c.obj
                0x10004c28                __pre_init_runtime_init_rp2040_gpio_ie_disable
 .preinit_array.01000
                0x10004c2c        0x4 CMakeFiles/game_console.dir/C_/Users/LiMa/.pico-sdk/sdk/2.1.1/src/rp2_common/pico_runtime_init/runtime_init.c.obj
                0x10004c2c                __pre_init_runtime_init_spin_locks_reset
 .preinit_array.01100
                0x10004c30        0x4 CMakeFiles/game_console.dir/C_/Users/LiMa/.pico-sdk/sdk/2.1.1/src/common/pico_sync/mutex.c.obj
                0x10004c30                __pre_init_runtime_init_mutex
 .preinit_array.10080
                0x10004c34        0x4 CMakeFiles/game_console.dir/C_/Users/LiMa/.pico-sdk/sdk/2.1.1/src/rp2_common/pico_runtime_init/runtime_init.c.obj
                0x10004c34                __pre_init_runtime_init_install_ram_vector_table
 .preinit_array.11000
                0x10004c38        0x4 CMakeFiles/game_console.dir/C_/Users/LiMa/.pico-sdk/sdk/2.1.1/src/common/pico_time/time.c.obj
                0x10004c38                __pre_init_runtime_init_default_alarm_pool
 .preinit_array.YYYYY
                0x10004c3c        0x4 CMakeFiles/game_console.dir/C_/Users/LiMa/.pico-sdk/sdk/2.1.1/src/rp2_common/pico_runtime/runtime.c.obj
                0x10004c3c                __pre_init_first_per_core_initializer
 .preinit_array.ZZZZZ.01200
                0x10004c40        0x4 CMakeFiles/game_console.dir/C_/Users/LiMa/.pico-sdk/sdk/2.1.1/src/rp2_common/hardware_irq/irq.c.obj
                0x10004c40                __pre_init_runtime_init_per_core_irq_priorities
 *(.preinit_array)
                0x10004c44                        PROVIDE (__preinit_array_end = .)
                0x10004c44                        . = ALIGN (0x4)
                0x10004c44                        PROVIDE (__init_array_start = .)
 *(SORT_BY_NAME(.init_array.*))
 *(.init_array)
 .init_array    0x10004c44        0x4 C:/Users/LiMa/.pico-sdk/toolchain/14_2_Rel1/bin/../lib/gcc/arm-none-eabi/14.2.1/thumb/v6-m/nofp/crtbegin.o
 .init_array    0x10004c48        0x4 CMakeFiles/game_console.dir/game_console.cpp.obj
 .init_array    0x10004c4c        0x4 CMakeFiles/game_console.dir/C_/Users/LiMa/.pico-sdk/sdk/2.1.1/src/rp2_common/pico_unique_id/unique_id.c.obj
                0x10004c50                        PROVIDE (__init_array_end = .)
                0x10004c50                        . = ALIGN (0x4)
                [!provide]                        PROVIDE (__fini_array_start = .)
 *(SORT_BY_NAME(.fini_array.*))
 *(.fini_array)
                [!provide]                        PROVIDE (__fini_array_end = .)
 *(.eh_frame*)
 .eh_frame      0x10004c50        0x0 C:/Users/LiMa/.pico-sdk/toolchain/14_2_Rel1/bin/../lib/gcc/arm-none-eabi/14.2.1/thumb/v6-m/nofp/crtbegin.o
                0x10004c50                        . = ALIGN (0x4)

.glue_7         0x10004c50        0x0
 .glue_7        0x10004c50        0x0 linker stubs

.glue_7t        0x10004c50        0x0
 .glue_7t       0x10004c50        0x0 linker stubs

.vfp11_veneer   0x10004c50        0x0
 .vfp11_veneer  0x10004c50        0x0 linker stubs

.v4_bx          0x10004c50        0x0
 .v4_bx         0x10004c50        0x0 linker stubs

.iplt           0x10004c50        0x0
 .iplt          0x10004c50        0x0 C:/Users/LiMa/.pico-sdk/toolchain/14_2_Rel1/bin/../lib/gcc/arm-none-eabi/14.2.1/thumb/v6-m/nofp/crtbegin.o

.rodata         0x10004c50      0x518
 *(EXCLUDE_FILE(*libm.a: *libc.a:*lib_a-mem*.o *libgcc.a:) .rodata*)
 .rodata.main.str1.4
                0x10004c50      0x214 CMakeFiles/game_console.dir/game_console.cpp.obj
                                 0x8e (size before relaxing)
 .rodata        0x10004e64       0x3e CMakeFiles/game_console.dir/game_console.cpp.obj
 .rodata.panic.str1.4
                0x10004ea2       0x12 CMakeFiles/game_console.dir/C_/Users/LiMa/.pico-sdk/sdk/2.1.1/src/rp2_common/pico_platform_panic/panic.c.obj
 .rodata.spin_lock_claim_unused.str1.4
                0x10004ea2       0x1b CMakeFiles/game_console.dir/C_/Users/LiMa/.pico-sdk/sdk/2.1.1/src/rp2_common/hardware_sync/sync.c.obj
 .rodata.user_irq_claim_unused.str1.4
                0x10004ea2       0x1b CMakeFiles/game_console.dir/C_/Users/LiMa/.pico-sdk/sdk/2.1.1/src/rp2_common/hardware_irq/irq.c.obj
 .rodata.timer_hardware_alarm_claim.str1.4
                0x10004ea2       0x22 CMakeFiles/game_console.dir/C_/Users/LiMa/.pico-sdk/sdk/2.1.1/src/rp2_common/hardware_timer/timer.c.obj
 .rodata.hard_assertion_failure.str1.4
                0x10004ea2        0xc CMakeFiles/game_console.dir/C_/Users/LiMa/.pico-sdk/sdk/2.1.1/src/rp2_common/pico_runtime/runtime.c.obj
 .rodata.missing_double_func_shim.str1.4
                0x10004ea2       0x18 CMakeFiles/game_console.dir/C_/Users/LiMa/.pico-sdk/sdk/2.1.1/src/rp2_common/pico_double/double_init_rom_rp2040.c.obj
 .rodata.missing_float_func_shim.str1.4
                0x10004ea2        0x1 CMakeFiles/game_console.dir/C_/Users/LiMa/.pico-sdk/sdk/2.1.1/src/rp2_common/pico_float/float_init_rom_rp2040.c.obj
 .rodata.str1.4
                0x10004ea2       0x54 CMakeFiles/game_console.dir/C_/Users/LiMa/.pico-sdk/sdk/2.1.1/src/rp2_common/pico_standard_binary_info/standard_binary_info.c.obj
 *fill*         0x10004ea2        0x2 
 .rodata.__bi_84
                0x10004ea4        0xc CMakeFiles/game_console.dir/C_/Users/LiMa/.pico-sdk/sdk/2.1.1/src/rp2_common/pico_standard_binary_info/standard_binary_info.c.obj
 .rodata.__bi_78
                0x10004eb0        0xc CMakeFiles/game_console.dir/C_/Users/LiMa/.pico-sdk/sdk/2.1.1/src/rp2_common/pico_standard_binary_info/standard_binary_info.c.obj
 .rodata.__bi_60
                0x10004ebc        0xc CMakeFiles/game_console.dir/C_/Users/LiMa/.pico-sdk/sdk/2.1.1/src/rp2_common/pico_standard_binary_info/standard_binary_info.c.obj
 .rodata.__bi_54
                0x10004ec8        0xc CMakeFiles/game_console.dir/C_/Users/LiMa/.pico-sdk/sdk/2.1.1/src/rp2_common/pico_standard_binary_info/standard_binary_info.c.obj
 .rodata.__bi_48
                0x10004ed4        0xc CMakeFiles/game_console.dir/C_/Users/LiMa/.pico-sdk/sdk/2.1.1/src/rp2_common/pico_standard_binary_info/standard_binary_info.c.obj
 .rodata.__bi_42
                0x10004ee0        0xc CMakeFiles/game_console.dir/C_/Users/LiMa/.pico-sdk/sdk/2.1.1/src/rp2_common/pico_standard_binary_info/standard_binary_info.c.obj
 .rodata.__bi_34
                0x10004eec        0xc CMakeFiles/game_console.dir/C_/Users/LiMa/.pico-sdk/sdk/2.1.1/src/rp2_common/pico_standard_binary_info/standard_binary_info.c.obj
 .rodata.__bi_26
                0x10004ef8        0xc CMakeFiles/game_console.dir/C_/Users/LiMa/.pico-sdk/sdk/2.1.1/src/rp2_common/pico_standard_binary_info/standard_binary_info.c.obj
 .rodata.crlf_str.0
                0x10004f04        0x2 CMakeFiles/game_console.dir/C_/Users/LiMa/.pico-sdk/sdk/2.1.1/src/rp2_common/pico_stdio/stdio.c.obj
 *fill*         0x10004f06        0x2 
 .rodata._resetd_driver
                0x10004f08       0x20 CMakeFiles/game_console.dir/C_/Users/LiMa/.pico-sdk/sdk/2.1.1/src/rp2_common/pico_stdio_usb/reset_interface.c.obj
 .rodata.desc_ms_os_20
                0x10004f28       0xa6 CMakeFiles/game_console.dir/C_/Users/LiMa/.pico-sdk/sdk/2.1.1/src/rp2_common/pico_stdio_usb/reset_interface.c.obj
 *fill*         0x10004fce        0x2 
 .rodata.desc_bos
                0x10004fd0       0x21 CMakeFiles/game_console.dir/C_/Users/LiMa/.pico-sdk/sdk/2.1.1/src/rp2_common/pico_stdio_usb/reset_interface.c.obj
                0x10004fd0                desc_bos
 .rodata.str1.4
                0x10004ff1       0x13 CMakeFiles/game_console.dir/C_/Users/LiMa/.pico-sdk/sdk/2.1.1/src/rp2_common/pico_stdio_usb/stdio_usb.c.obj
 *fill*         0x10004ff1        0x3 
 .rodata.__bi_197.0
                0x10004ff4        0xc CMakeFiles/game_console.dir/C_/Users/LiMa/.pico-sdk/sdk/2.1.1/src/rp2_common/pico_stdio_usb/stdio_usb.c.obj
 .rodata.str1.4
                0x10005000       0x2a CMakeFiles/game_console.dir/C_/Users/LiMa/.pico-sdk/sdk/2.1.1/src/rp2_common/pico_stdio_usb/stdio_usb_descriptors.c.obj
 .rodata.usbd_desc_str
                0x10005000       0x18 CMakeFiles/game_console.dir/C_/Users/LiMa/.pico-sdk/sdk/2.1.1/src/rp2_common/pico_stdio_usb/stdio_usb_descriptors.c.obj
 .rodata.usbd_desc_cfg
                0x10005018       0x54 CMakeFiles/game_console.dir/C_/Users/LiMa/.pico-sdk/sdk/2.1.1/src/rp2_common/pico_stdio_usb/stdio_usb_descriptors.c.obj
 .rodata.usbd_desc_device
                0x1000506c       0x12 CMakeFiles/game_console.dir/C_/Users/LiMa/.pico-sdk/sdk/2.1.1/src/rp2_common/pico_stdio_usb/stdio_usb_descriptors.c.obj
 .rodata.str1.4
                0x1000507e       0x14 CMakeFiles/game_console.dir/C_/Users/LiMa/.pico-sdk/sdk/2.1.1/lib/tinyusb/src/portable/raspberrypi/rp2040/dcd_rp2040.c.obj
 .rodata.str1.4
                0x1000507e       0x48 CMakeFiles/game_console.dir/C_/Users/LiMa/.pico-sdk/sdk/2.1.1/lib/tinyusb/src/portable/raspberrypi/rp2040/rp2040_usb.c.obj
 *fill*         0x1000507e        0x2 
 .rodata.tud_task_ext
                0x10005080       0x8c CMakeFiles/game_console.dir/C_/Users/LiMa/.pico-sdk/sdk/2.1.1/lib/tinyusb/src/device/usbd.c.obj
 .rodata        0x1000510c       0x1c CMakeFiles/game_console.dir/C_/Users/LiMa/.pico-sdk/sdk/2.1.1/lib/tinyusb/src/device/usbd.c.obj
 .rodata._usbd_driver
                0x10005128       0x40 CMakeFiles/game_console.dir/C_/Users/LiMa/.pico-sdk/sdk/2.1.1/lib/tinyusb/src/device/usbd.c.obj
                0x10005168                        . = ALIGN (0x4)
 *(SORT_BY_ALIGNMENT(SORT_BY_NAME(.flashdata*)))
                0x10005168                        . = ALIGN (0x4)

.ARM.extab      0x10005168       0x48
 *(.ARM.extab* .gnu.linkonce.armextab.*)
 .ARM.extab.text._ZN6Button5beginEv
                0x10005168        0x0 CMakeFiles/game_console.dir/game_console.cpp.obj
 .ARM.extab.text.startup.main
                0x10005168        0xc CMakeFiles/game_console.dir/game_console.cpp.obj
 .ARM.extab.text.unwind_phase2_forced
                0x10005174        0xc C:/Users/LiMa/.pico-sdk/toolchain/14_2_Rel1/bin/../lib/gcc/arm-none-eabi/14.2.1/thumb/v6-m/nofp\libgcc.a(unwind-arm.o)
 .ARM.extab.text.__gnu_Unwind_Backtrace
                0x10005180        0xc C:/Users/LiMa/.pico-sdk/toolchain/14_2_Rel1/bin/../lib/gcc/arm-none-eabi/14.2.1/thumb/v6-m/nofp\libgcc.a(unwind-arm.o)
 .ARM.extab.text.__gnu_unwind_pr_common
                0x1000518c        0xc C:/Users/LiMa/.pico-sdk/toolchain/14_2_Rel1/bin/../lib/gcc/arm-none-eabi/14.2.1/thumb/v6-m/nofp\libgcc.a(unwind-arm.o)
 .ARM.extab.text._Unwind_VRS_Pop
                0x10005198        0xc C:/Users/LiMa/.pico-sdk/toolchain/14_2_Rel1/bin/../lib/gcc/arm-none-eabi/14.2.1/thumb/v6-m/nofp\libgcc.a(unwind-arm.o)
 .ARM.extab.text.__gnu_unwind_execute
                0x100051a4        0xc C:/Users/LiMa/.pico-sdk/toolchain/14_2_Rel1/bin/../lib/gcc/arm-none-eabi/14.2.1/thumb/v6-m/nofp\libgcc.a(pr-support.o)
                0x100051b0                        __exidx_start = .

.ARM.exidx      0x100051b0       0xa0
 *(.ARM.exidx* .gnu.linkonce.armexidx.*)
 .ARM.exidx.text._ZN6Button5beginEv
                0x100051b0        0x8 CMakeFiles/game_console.dir/game_console.cpp.obj
 .ARM.exidx.text.startup.main
                0x100051b8        0x8 CMakeFiles/game_console.dir/game_console.cpp.obj
 .ARM.exidx.text.startup._GLOBAL__sub_I_counter
                0x100051c0        0x8 CMakeFiles/game_console.dir/game_console.cpp.obj
 .ARM.exidx.text.selfrel_offset31
                0x100051c8        0x0 C:/Users/LiMa/.pico-sdk/toolchain/14_2_Rel1/bin/../lib/gcc/arm-none-eabi/14.2.1/thumb/v6-m/nofp\libgcc.a(unwind-arm.o)
                                  0x8 (size before relaxing)
 .ARM.exidx.text.search_EIT_table
                0x100051c8        0x0 C:/Users/LiMa/.pico-sdk/toolchain/14_2_Rel1/bin/../lib/gcc/arm-none-eabi/14.2.1/thumb/v6-m/nofp\libgcc.a(unwind-arm.o)
                                  0x8 (size before relaxing)
 .ARM.exidx.text.__gnu_unwind_get_pr_addr
                0x100051c8        0x0 C:/Users/LiMa/.pico-sdk/toolchain/14_2_Rel1/bin/../lib/gcc/arm-none-eabi/14.2.1/thumb/v6-m/nofp\libgcc.a(unwind-arm.o)
                                  0x8 (size before relaxing)
 .ARM.exidx.text.get_eit_entry
                0x100051c8        0x8 C:/Users/LiMa/.pico-sdk/toolchain/14_2_Rel1/bin/../lib/gcc/arm-none-eabi/14.2.1/thumb/v6-m/nofp\libgcc.a(unwind-arm.o)
 .ARM.exidx.text.restore_non_core_regs
                0x100051d0        0x8 C:/Users/LiMa/.pico-sdk/toolchain/14_2_Rel1/bin/../lib/gcc/arm-none-eabi/14.2.1/thumb/v6-m/nofp\libgcc.a(unwind-arm.o)
 .ARM.exidx.text._Unwind_decode_typeinfo_ptr.constprop.0
                0x100051d8        0x8 C:/Users/LiMa/.pico-sdk/toolchain/14_2_Rel1/bin/../lib/gcc/arm-none-eabi/14.2.1/thumb/v6-m/nofp\libgcc.a(unwind-arm.o)
 .ARM.exidx.text._Unwind_DebugHook
                0x100051e0        0x0 C:/Users/LiMa/.pico-sdk/toolchain/14_2_Rel1/bin/../lib/gcc/arm-none-eabi/14.2.1/thumb/v6-m/nofp\libgcc.a(unwind-arm.o)
                                  0x8 (size before relaxing)
 .ARM.exidx.text.unwind_phase2
                0x100051e0        0x8 C:/Users/LiMa/.pico-sdk/toolchain/14_2_Rel1/bin/../lib/gcc/arm-none-eabi/14.2.1/thumb/v6-m/nofp\libgcc.a(unwind-arm.o)
 .ARM.exidx.text.unwind_phase2_forced
                0x100051e8        0x8 C:/Users/LiMa/.pico-sdk/toolchain/14_2_Rel1/bin/../lib/gcc/arm-none-eabi/14.2.1/thumb/v6-m/nofp\libgcc.a(unwind-arm.o)
 .ARM.exidx.text.__gnu_Unwind_RaiseException
                0x100051f0        0x8 C:/Users/LiMa/.pico-sdk/toolchain/14_2_Rel1/bin/../lib/gcc/arm-none-eabi/14.2.1/thumb/v6-m/nofp\libgcc.a(unwind-arm.o)
 .ARM.exidx.text.__gnu_Unwind_ForcedUnwind
                0x100051f8        0x8 C:/Users/LiMa/.pico-sdk/toolchain/14_2_Rel1/bin/../lib/gcc/arm-none-eabi/14.2.1/thumb/v6-m/nofp\libgcc.a(unwind-arm.o)
 .ARM.exidx.text.__gnu_Unwind_Resume
                0x10005200        0x8 C:/Users/LiMa/.pico-sdk/toolchain/14_2_Rel1/bin/../lib/gcc/arm-none-eabi/14.2.1/thumb/v6-m/nofp\libgcc.a(unwind-arm.o)
 .ARM.exidx.text.__gnu_Unwind_Resume_or_Rethrow
                0x10005208        0x8 C:/Users/LiMa/.pico-sdk/toolchain/14_2_Rel1/bin/../lib/gcc/arm-none-eabi/14.2.1/thumb/v6-m/nofp\libgcc.a(unwind-arm.o)
 .ARM.exidx.text._Unwind_VRS_Get
                0x10005210        0x8 C:/Users/LiMa/.pico-sdk/toolchain/14_2_Rel1/bin/../lib/gcc/arm-none-eabi/14.2.1/thumb/v6-m/nofp\libgcc.a(unwind-arm.o)
 .ARM.exidx.text._Unwind_GetGR
                0x10005218        0x0 C:/Users/LiMa/.pico-sdk/toolchain/14_2_Rel1/bin/../lib/gcc/arm-none-eabi/14.2.1/thumb/v6-m/nofp\libgcc.a(unwind-arm.o)
                                  0x8 (size before relaxing)
 .ARM.exidx.text._Unwind_VRS_Set
                0x10005218        0x0 C:/Users/LiMa/.pico-sdk/toolchain/14_2_Rel1/bin/../lib/gcc/arm-none-eabi/14.2.1/thumb/v6-m/nofp\libgcc.a(unwind-arm.o)
                                  0x8 (size before relaxing)
 .ARM.exidx.text._Unwind_SetGR
                0x10005218        0x0 C:/Users/LiMa/.pico-sdk/toolchain/14_2_Rel1/bin/../lib/gcc/arm-none-eabi/14.2.1/thumb/v6-m/nofp\libgcc.a(unwind-arm.o)
                                  0x8 (size before relaxing)
 .ARM.exidx.text.__gnu_Unwind_Backtrace
                0x10005218        0x8 C:/Users/LiMa/.pico-sdk/toolchain/14_2_Rel1/bin/../lib/gcc/arm-none-eabi/14.2.1/thumb/v6-m/nofp\libgcc.a(unwind-arm.o)
 .ARM.exidx.text.__gnu_unwind_pr_common
                0x10005220        0x8 C:/Users/LiMa/.pico-sdk/toolchain/14_2_Rel1/bin/../lib/gcc/arm-none-eabi/14.2.1/thumb/v6-m/nofp\libgcc.a(unwind-arm.o)
 .ARM.exidx.text.__aeabi_unwind_cpp_pr0
                0x10005228        0x8 C:/Users/LiMa/.pico-sdk/toolchain/14_2_Rel1/bin/../lib/gcc/arm-none-eabi/14.2.1/thumb/v6-m/nofp\libgcc.a(unwind-arm.o)
 .ARM.exidx.text.__aeabi_unwind_cpp_pr1
                0x10005230        0x0 C:/Users/LiMa/.pico-sdk/toolchain/14_2_Rel1/bin/../lib/gcc/arm-none-eabi/14.2.1/thumb/v6-m/nofp\libgcc.a(unwind-arm.o)
                                  0x8 (size before relaxing)
 .ARM.exidx.text.__aeabi_unwind_cpp_pr2
                0x10005230        0x0 C:/Users/LiMa/.pico-sdk/toolchain/14_2_Rel1/bin/../lib/gcc/arm-none-eabi/14.2.1/thumb/v6-m/nofp\libgcc.a(unwind-arm.o)
                                  0x8 (size before relaxing)
 .ARM.exidx.text._Unwind_VRS_Pop
                0x10005230       0x10 C:/Users/LiMa/.pico-sdk/toolchain/14_2_Rel1/bin/../lib/gcc/arm-none-eabi/14.2.1/thumb/v6-m/nofp\libgcc.a(unwind-arm.o)
                                  0x8 (size before relaxing)
 .ARM.exidx.text.next_unwind_byte
                0x10005240        0x0 C:/Users/LiMa/.pico-sdk/toolchain/14_2_Rel1/bin/../lib/gcc/arm-none-eabi/14.2.1/thumb/v6-m/nofp\libgcc.a(pr-support.o)
                                  0x8 (size before relaxing)
 .ARM.exidx.text.__gnu_unwind_execute
                0x10005240       0x10 C:/Users/LiMa/.pico-sdk/toolchain/14_2_Rel1/bin/../lib/gcc/arm-none-eabi/14.2.1/thumb/v6-m/nofp\libgcc.a(pr-support.o)
                                  0x8 (size before relaxing)
                0x10005250                        __exidx_end = .
                0x10005250                        . = ALIGN (0x4)
                0x10005250                        __binary_info_start = .

.binary_info    0x10005250       0x24
 *(.binary_info.keep.*)
 .binary_info.keep.__bi_ptr84
                0x10005250        0x4 CMakeFiles/game_console.dir/C_/Users/LiMa/.pico-sdk/sdk/2.1.1/src/rp2_common/pico_standard_binary_info/standard_binary_info.c.obj
 .binary_info.keep.__bi_ptr78
                0x10005254        0x4 CMakeFiles/game_console.dir/C_/Users/LiMa/.pico-sdk/sdk/2.1.1/src/rp2_common/pico_standard_binary_info/standard_binary_info.c.obj
 .binary_info.keep.__bi_ptr60
                0x10005258        0x4 CMakeFiles/game_console.dir/C_/Users/LiMa/.pico-sdk/sdk/2.1.1/src/rp2_common/pico_standard_binary_info/standard_binary_info.c.obj
 .binary_info.keep.__bi_ptr54
                0x1000525c        0x4 CMakeFiles/game_console.dir/C_/Users/LiMa/.pico-sdk/sdk/2.1.1/src/rp2_common/pico_standard_binary_info/standard_binary_info.c.obj
 .binary_info.keep.__bi_ptr48
                0x10005260        0x4 CMakeFiles/game_console.dir/C_/Users/LiMa/.pico-sdk/sdk/2.1.1/src/rp2_common/pico_standard_binary_info/standard_binary_info.c.obj
 .binary_info.keep.__bi_ptr42
                0x10005264        0x4 CMakeFiles/game_console.dir/C_/Users/LiMa/.pico-sdk/sdk/2.1.1/src/rp2_common/pico_standard_binary_info/standard_binary_info.c.obj
 .binary_info.keep.__bi_ptr34
                0x10005268        0x4 CMakeFiles/game_console.dir/C_/Users/LiMa/.pico-sdk/sdk/2.1.1/src/rp2_common/pico_standard_binary_info/standard_binary_info.c.obj
 .binary_info.keep.__bi_ptr26
                0x1000526c        0x4 CMakeFiles/game_console.dir/C_/Users/LiMa/.pico-sdk/sdk/2.1.1/src/rp2_common/pico_standard_binary_info/standard_binary_info.c.obj
 *(.binary_info.*)
 .binary_info.__bi_ptr197
                0x10005270        0x4 CMakeFiles/game_console.dir/C_/Users/LiMa/.pico-sdk/sdk/2.1.1/src/rp2_common/pico_stdio_usb/stdio_usb.c.obj
                0x10005274                        __binary_info_end = .

.rel.dyn        0x10005274        0x0
 .rel.iplt      0x10005274        0x0 C:/Users/LiMa/.pico-sdk/toolchain/14_2_Rel1/bin/../lib/gcc/arm-none-eabi/14.2.1/thumb/v6-m/nofp/crtbegin.o
                0x10005274                        . = ALIGN (0x4)

.ram_vector_table
                0x20000000       0xc0
 *(.ram_vector_table)
 .ram_vector_table
                0x20000000       0xc0 CMakeFiles/game_console.dir/C_/Users/LiMa/.pico-sdk/sdk/2.1.1/src/rp2_common/pico_runtime_init/runtime_init.c.obj
                0x20000000                ram_vector_table

.uninitialized_data
                0x200000c0        0x0
                0x200000c0                        . = ALIGN (0x4)
 *(.uninitialized_data*)

.data           0x200000c0     0x2058 load address 0x10005274
                0x200000c0                        __data_start__ = .
 *(vtable)
 *(.time_critical*)
 .time_critical.mutex_try_enter
                0x200000c0       0x40 CMakeFiles/game_console.dir/C_/Users/LiMa/.pico-sdk/sdk/2.1.1/src/common/pico_sync/mutex.c.obj
                0x200000c0                mutex_try_enter
 .time_critical.mutex_try_enter_block_until
                0x20000100       0x98 CMakeFiles/game_console.dir/C_/Users/LiMa/.pico-sdk/sdk/2.1.1/src/common/pico_sync/mutex.c.obj
                0x20000100                mutex_try_enter_block_until
 .time_critical.mutex_enter_timeout_ms
                0x20000198       0x8c CMakeFiles/game_console.dir/C_/Users/LiMa/.pico-sdk/sdk/2.1.1/src/common/pico_sync/mutex.c.obj
                0x20000198                mutex_enter_timeout_ms
 .time_critical.mutex_exit
                0x20000224       0x28 CMakeFiles/game_console.dir/C_/Users/LiMa/.pico-sdk/sdk/2.1.1/src/common/pico_sync/mutex.c.obj
                0x20000224                mutex_exit
 .time_critical.flash_init_boot2_copyout
                0x2000024c       0x30 CMakeFiles/game_console.dir/C_/Users/LiMa/.pico-sdk/sdk/2.1.1/src/rp2_common/hardware_flash/flash.c.obj
 .time_critical.flash_enable_xip_via_boot2
                0x2000027c        0xc CMakeFiles/game_console.dir/C_/Users/LiMa/.pico-sdk/sdk/2.1.1/src/rp2_common/hardware_flash/flash.c.obj
 .time_critical.flash_cs_force
                0x20000288       0x38 CMakeFiles/game_console.dir/C_/Users/LiMa/.pico-sdk/sdk/2.1.1/src/rp2_common/hardware_flash/flash.c.obj
 .time_critical.flash_do_cmd
                0x200002c0      0x130 CMakeFiles/game_console.dir/C_/Users/LiMa/.pico-sdk/sdk/2.1.1/src/rp2_common/hardware_flash/flash.c.obj
                0x200002c0                flash_do_cmd
 .time_critical.reset_non_control_endpoints
                0x200003f0       0x68 CMakeFiles/game_console.dir/C_/Users/LiMa/.pico-sdk/sdk/2.1.1/lib/tinyusb/src/portable/raspberrypi/rp2040/dcd_rp2040.c.obj
 .time_critical.hw_handle_buff_status
                0x20000458       0xa0 CMakeFiles/game_console.dir/C_/Users/LiMa/.pico-sdk/sdk/2.1.1/lib/tinyusb/src/portable/raspberrypi/rp2040/dcd_rp2040.c.obj
 .time_critical.dcd_rp2040_irq
                0x200004f8      0x548 CMakeFiles/game_console.dir/C_/Users/LiMa/.pico-sdk/sdk/2.1.1/lib/tinyusb/src/portable/raspberrypi/rp2040/dcd_rp2040.c.obj
 .time_critical.prepare_ep_buffer
                0x20000a40       0xc8 CMakeFiles/game_console.dir/C_/Users/LiMa/.pico-sdk/sdk/2.1.1/lib/tinyusb/src/portable/raspberrypi/rp2040/rp2040_usb.c.obj
 .time_critical.sync_ep_buffer
                0x20000b08       0x9c CMakeFiles/game_console.dir/C_/Users/LiMa/.pico-sdk/sdk/2.1.1/lib/tinyusb/src/portable/raspberrypi/rp2040/rp2040_usb.c.obj
 .time_critical._hw_endpoint_xfer_sync
                0x20000ba4       0x28 CMakeFiles/game_console.dir/C_/Users/LiMa/.pico-sdk/sdk/2.1.1/lib/tinyusb/src/portable/raspberrypi/rp2040/rp2040_usb.c.obj
 .time_critical.e15_is_bulkin_ep
                0x20000bcc       0x28 CMakeFiles/game_console.dir/C_/Users/LiMa/.pico-sdk/sdk/2.1.1/lib/tinyusb/src/portable/raspberrypi/rp2040/rp2040_usb.c.obj
 .time_critical.e15_is_critical_frame_period
                0x20000bf4       0x34 CMakeFiles/game_console.dir/C_/Users/LiMa/.pico-sdk/sdk/2.1.1/lib/tinyusb/src/portable/raspberrypi/rp2040/rp2040_usb.c.obj
 .time_critical.hw_endpoint_reset_transfer
                0x20000c28        0xc CMakeFiles/game_console.dir/C_/Users/LiMa/.pico-sdk/sdk/2.1.1/lib/tinyusb/src/portable/raspberrypi/rp2040/rp2040_usb.c.obj
                0x20000c28                hw_endpoint_reset_transfer
 .time_critical._hw_endpoint_buffer_control_update32
                0x20000c34       0x50 CMakeFiles/game_console.dir/C_/Users/LiMa/.pico-sdk/sdk/2.1.1/lib/tinyusb/src/portable/raspberrypi/rp2040/rp2040_usb.c.obj
                0x20000c34                _hw_endpoint_buffer_control_update32
 .time_critical.hw_endpoint_start_next_buffer
                0x20000c84       0x68 CMakeFiles/game_console.dir/C_/Users/LiMa/.pico-sdk/sdk/2.1.1/lib/tinyusb/src/portable/raspberrypi/rp2040/rp2040_usb.c.obj
                0x20000c84                hw_endpoint_start_next_buffer
 .time_critical.hw_endpoint_xfer_continue
                0x20000cec       0x40 CMakeFiles/game_console.dir/C_/Users/LiMa/.pico-sdk/sdk/2.1.1/lib/tinyusb/src/portable/raspberrypi/rp2040/rp2040_usb.c.obj
                0x20000cec                hw_endpoint_xfer_continue
 .time_critical.tinyusb
                0x20000d2c      0x1e4 CMakeFiles/game_console.dir/C_/Users/LiMa/.pico-sdk/sdk/2.1.1/lib/tinyusb/src/device/usbd.c.obj
                0x20000d2c                dcd_event_handler
 .time_critical.spi_write_blocking
                0x20000f10       0x4c CMakeFiles/game_console.dir/C_/Users/LiMa/.pico-sdk/sdk/2.1.1/src/rp2_common/hardware_spi/spi.c.obj
                0x20000f10                spi_write_blocking
 *(.text*)
 .text          0x20000f5c        0x4 C:/Users/LiMa/.pico-sdk/toolchain/14_2_Rel1/bin/../lib/gcc/arm-none-eabi/14.2.1/thumb/v6-m/nofp\libgcc.a(_dvmd_tls.o)
                0x20000f5c                __aeabi_idiv0
                0x20000f5c                __aeabi_ldiv0
 .text.selfrel_offset31
                0x20000f60       0x18 C:/Users/LiMa/.pico-sdk/toolchain/14_2_Rel1/bin/../lib/gcc/arm-none-eabi/14.2.1/thumb/v6-m/nofp\libgcc.a(unwind-arm.o)
 .text.search_EIT_table
                0x20000f78       0x70 C:/Users/LiMa/.pico-sdk/toolchain/14_2_Rel1/bin/../lib/gcc/arm-none-eabi/14.2.1/thumb/v6-m/nofp\libgcc.a(unwind-arm.o)
 .text.__gnu_unwind_get_pr_addr
                0x20000fe8       0x28 C:/Users/LiMa/.pico-sdk/toolchain/14_2_Rel1/bin/../lib/gcc/arm-none-eabi/14.2.1/thumb/v6-m/nofp\libgcc.a(unwind-arm.o)
 .text.get_eit_entry
                0x20001010       0x94 C:/Users/LiMa/.pico-sdk/toolchain/14_2_Rel1/bin/../lib/gcc/arm-none-eabi/14.2.1/thumb/v6-m/nofp\libgcc.a(unwind-arm.o)
 .text.restore_non_core_regs
                0x200010a4       0x5c C:/Users/LiMa/.pico-sdk/toolchain/14_2_Rel1/bin/../lib/gcc/arm-none-eabi/14.2.1/thumb/v6-m/nofp\libgcc.a(unwind-arm.o)
 .text._Unwind_decode_typeinfo_ptr.constprop.0
                0x20001100        0xc C:/Users/LiMa/.pico-sdk/toolchain/14_2_Rel1/bin/../lib/gcc/arm-none-eabi/14.2.1/thumb/v6-m/nofp\libgcc.a(unwind-arm.o)
 .text._Unwind_DebugHook
                0x2000110c        0x4 C:/Users/LiMa/.pico-sdk/toolchain/14_2_Rel1/bin/../lib/gcc/arm-none-eabi/14.2.1/thumb/v6-m/nofp\libgcc.a(unwind-arm.o)
 .text.unwind_phase2
                0x20001110       0x3c C:/Users/LiMa/.pico-sdk/toolchain/14_2_Rel1/bin/../lib/gcc/arm-none-eabi/14.2.1/thumb/v6-m/nofp\libgcc.a(unwind-arm.o)
 .text.unwind_phase2_forced
                0x2000114c       0xd8 C:/Users/LiMa/.pico-sdk/toolchain/14_2_Rel1/bin/../lib/gcc/arm-none-eabi/14.2.1/thumb/v6-m/nofp\libgcc.a(unwind-arm.o)
 .text.__gnu_Unwind_RaiseException
                0x20001224       0x54 C:/Users/LiMa/.pico-sdk/toolchain/14_2_Rel1/bin/../lib/gcc/arm-none-eabi/14.2.1/thumb/v6-m/nofp\libgcc.a(unwind-arm.o)
                0x20001224                __gnu_Unwind_RaiseException
 .text.__gnu_Unwind_ForcedUnwind
                0x20001278       0x14 C:/Users/LiMa/.pico-sdk/toolchain/14_2_Rel1/bin/../lib/gcc/arm-none-eabi/14.2.1/thumb/v6-m/nofp\libgcc.a(unwind-arm.o)
                0x20001278                __gnu_Unwind_ForcedUnwind
 .text.__gnu_Unwind_Resume
                0x2000128c       0x48 C:/Users/LiMa/.pico-sdk/toolchain/14_2_Rel1/bin/../lib/gcc/arm-none-eabi/14.2.1/thumb/v6-m/nofp\libgcc.a(unwind-arm.o)
                0x2000128c                __gnu_Unwind_Resume
 .text.__gnu_Unwind_Resume_or_Rethrow
                0x200012d4       0x1c C:/Users/LiMa/.pico-sdk/toolchain/14_2_Rel1/bin/../lib/gcc/arm-none-eabi/14.2.1/thumb/v6-m/nofp\libgcc.a(unwind-arm.o)
                0x200012d4                __gnu_Unwind_Resume_or_Rethrow
 .text._Unwind_VRS_Get
                0x200012f0       0x44 C:/Users/LiMa/.pico-sdk/toolchain/14_2_Rel1/bin/../lib/gcc/arm-none-eabi/14.2.1/thumb/v6-m/nofp\libgcc.a(unwind-arm.o)
                0x200012f0                _Unwind_VRS_Get
 .text._Unwind_GetGR
                0x20001334       0x18 C:/Users/LiMa/.pico-sdk/toolchain/14_2_Rel1/bin/../lib/gcc/arm-none-eabi/14.2.1/thumb/v6-m/nofp\libgcc.a(unwind-arm.o)
 .text._Unwind_VRS_Set
                0x2000134c       0x44 C:/Users/LiMa/.pico-sdk/toolchain/14_2_Rel1/bin/../lib/gcc/arm-none-eabi/14.2.1/thumb/v6-m/nofp\libgcc.a(unwind-arm.o)
                0x2000134c                _Unwind_VRS_Set
 .text._Unwind_SetGR
                0x20001390       0x18 C:/Users/LiMa/.pico-sdk/toolchain/14_2_Rel1/bin/../lib/gcc/arm-none-eabi/14.2.1/thumb/v6-m/nofp\libgcc.a(unwind-arm.o)
 .text.__gnu_Unwind_Backtrace
                0x200013a8       0x78 C:/Users/LiMa/.pico-sdk/toolchain/14_2_Rel1/bin/../lib/gcc/arm-none-eabi/14.2.1/thumb/v6-m/nofp\libgcc.a(unwind-arm.o)
                0x200013a8                __gnu_Unwind_Backtrace
 .text.__gnu_unwind_pr_common
                0x20001420      0x2d8 C:/Users/LiMa/.pico-sdk/toolchain/14_2_Rel1/bin/../lib/gcc/arm-none-eabi/14.2.1/thumb/v6-m/nofp\libgcc.a(unwind-arm.o)
 .text.__aeabi_unwind_cpp_pr0
                0x200016f8        0xc C:/Users/LiMa/.pico-sdk/toolchain/14_2_Rel1/bin/../lib/gcc/arm-none-eabi/14.2.1/thumb/v6-m/nofp\libgcc.a(unwind-arm.o)
                0x200016f8                __aeabi_unwind_cpp_pr0
 .text.__aeabi_unwind_cpp_pr1
                0x20001704        0xc C:/Users/LiMa/.pico-sdk/toolchain/14_2_Rel1/bin/../lib/gcc/arm-none-eabi/14.2.1/thumb/v6-m/nofp\libgcc.a(unwind-arm.o)
                0x20001704                __aeabi_unwind_cpp_pr1
 .text.__aeabi_unwind_cpp_pr2
                0x20001710        0xc C:/Users/LiMa/.pico-sdk/toolchain/14_2_Rel1/bin/../lib/gcc/arm-none-eabi/14.2.1/thumb/v6-m/nofp\libgcc.a(unwind-arm.o)
                0x20001710                __aeabi_unwind_cpp_pr2
 .text._Unwind_VRS_Pop
                0x2000171c      0x2ac C:/Users/LiMa/.pico-sdk/toolchain/14_2_Rel1/bin/../lib/gcc/arm-none-eabi/14.2.1/thumb/v6-m/nofp\libgcc.a(unwind-arm.o)
                0x2000171c                _Unwind_VRS_Pop
 .text          0x200019c8      0x144 C:/Users/LiMa/.pico-sdk/toolchain/14_2_Rel1/bin/../lib/gcc/arm-none-eabi/14.2.1/thumb/v6-m/nofp\libgcc.a(libunwind.o)
                0x200019c8                __restore_core_regs
                0x200019c8                restore_core_regs
                0x200019f4                __gnu_Unwind_Restore_VFP
                0x200019f8                __gnu_Unwind_Save_VFP
                0x200019fc                __gnu_Unwind_Restore_VFP_D
                0x20001a00                __gnu_Unwind_Save_VFP_D
                0x20001a04                __gnu_Unwind_Restore_VFP_D_16_to_31
                0x20001a08                __gnu_Unwind_Save_VFP_D_16_to_31
                0x20001a0c                __gnu_Unwind_Restore_WMMXD
                0x20001a10                __gnu_Unwind_Save_WMMXD
                0x20001a14                __gnu_Unwind_Restore_WMMXC
                0x20001a18                __gnu_Unwind_Save_WMMXC
                0x20001a1c                ___Unwind_RaiseException
                0x20001a1c                _Unwind_RaiseException
                0x20001a4c                _Unwind_Resume
                0x20001a4c                ___Unwind_Resume
                0x20001a7c                _Unwind_Resume_or_Rethrow
                0x20001a7c                ___Unwind_Resume_or_Rethrow
                0x20001aac                _Unwind_ForcedUnwind
                0x20001aac                ___Unwind_ForcedUnwind
                0x20001adc                ___Unwind_Backtrace
                0x20001adc                _Unwind_Backtrace
 .text.next_unwind_byte
                0x20001b0c       0x34 C:/Users/LiMa/.pico-sdk/toolchain/14_2_Rel1/bin/../lib/gcc/arm-none-eabi/14.2.1/thumb/v6-m/nofp\libgcc.a(pr-support.o)
 .text.__gnu_unwind_execute
                0x20001b40      0x2f4 C:/Users/LiMa/.pico-sdk/toolchain/14_2_Rel1/bin/../lib/gcc/arm-none-eabi/14.2.1/thumb/v6-m/nofp\libgcc.a(pr-support.o)
                0x20001b40                __gnu_unwind_execute
 *fill*         0x20001e34        0x4 
 .text.__gnu_unwind_execute.__stub
                0x20001e38       0xa0 linker stubs
                0x20001ed8                        . = ALIGN (0x4)
 *(.rodata*)
 .rodata._Unwind_VRS_Pop
                0x20001ed8       0x18 C:/Users/LiMa/.pico-sdk/toolchain/14_2_Rel1/bin/../lib/gcc/arm-none-eabi/14.2.1/thumb/v6-m/nofp\libgcc.a(unwind-arm.o)
 .rodata.__gnu_unwind_execute
                0x20001ef0       0x14 C:/Users/LiMa/.pico-sdk/toolchain/14_2_Rel1/bin/../lib/gcc/arm-none-eabi/14.2.1/thumb/v6-m/nofp\libgcc.a(pr-support.o)
                0x20001f04                        . = ALIGN (0x4)
 *(.data*)
 .data.counter  0x20001f04        0x4 CMakeFiles/game_console.dir/game_console.cpp.obj
                0x20001f04                counter
 .data.striped_spin_lock_num
                0x20001f08        0x1 CMakeFiles/game_console.dir/C_/Users/LiMa/.pico-sdk/sdk/2.1.1/src/rp2_common/hardware_sync/sync.c.obj
 *fill*         0x20001f09        0x3 
 .data          0x20001f0c       0x48 CMakeFiles/game_console.dir/C_/Users/LiMa/.pico-sdk/sdk/2.1.1/src/rp2_common/hardware_irq/irq_handler_chain.S.obj
                0x20001f0c                irq_handler_chain_slots
                0x20001f3c                irq_handler_chain_first_slot
                0x20001f46                irq_handler_chain_remove_tail
 .data.default_alarm_pool
                0x20001f54       0x18 CMakeFiles/game_console.dir/C_/Users/LiMa/.pico-sdk/sdk/2.1.1/src/common/pico_time/time.c.obj
 *fill*         0x20001f6c        0x4 
 .data.aeabi_bits_funcs
                0x20001f70       0x10 CMakeFiles/game_console.dir/C_/Users/LiMa/.pico-sdk/sdk/2.1.1/src/rp2_common/pico_bit_ops/bit_ops_aeabi.S.obj
                0x20001f70                aeabi_bits_funcs
                0x20001f80                aeabi_bits_funcs_end
 .data.aeabi_mem_funcs
                0x20001f80       0x10 CMakeFiles/game_console.dir/C_/Users/LiMa/.pico-sdk/sdk/2.1.1/src/rp2_common/pico_mem_ops/mem_ops_aeabi.S.obj
                0x20001f80                aeabi_mem_funcs
                0x20001f90                aeabi_mem_funcs_end
 .data.stdio_usb
                0x20001f90       0x18 CMakeFiles/game_console.dir/C_/Users/LiMa/.pico-sdk/sdk/2.1.1/src/rp2_common/pico_stdio_usb/stdio_usb.c.obj
                0x20001f90                stdio_usb
 .data._usbd_qdef
                0x20001fa8       0x1c CMakeFiles/game_console.dir/C_/Users/LiMa/.pico-sdk/sdk/2.1.1/lib/tinyusb/src/device/usbd.c.obj
                0x20001fa8                _usbd_qdef
 .data._usbd_rhport
                0x20001fc4        0x1 CMakeFiles/game_console.dir/C_/Users/LiMa/.pico-sdk/sdk/2.1.1/lib/tinyusb/src/device/usbd.c.obj
 *fill*         0x20001fc5        0x3 
 .data._impure_ptr
                0x20001fc8        0x4 C:/Users/LiMa/.pico-sdk/toolchain/14_2_Rel1/bin/../lib/gcc/arm-none-eabi/14.2.1/thumb/v6-m/nofp\libg.a(libc_a-impure.o)
                0x20001fc8                _impure_ptr
 *fill*         0x20001fcc        0x4 
 .data._impure_data
                0x20001fd0      0x140 C:/Users/LiMa/.pico-sdk/toolchain/14_2_Rel1/bin/../lib/gcc/arm-none-eabi/14.2.1/thumb/v6-m/nofp\libg.a(libc_a-impure.o)
                0x20001fd0                _impure_data
                0x20002110                        . = ALIGN (0x4)
 *(.after_data.*)
                0x20002110                        . = ALIGN (0x4)
                0x20002110                        PROVIDE (__mutex_array_start = .)
 *(SORT_BY_NAME(.mutex_array.*))
 *(.mutex_array)
 .mutex_array   0x20002110        0x8 CMakeFiles/game_console.dir/C_/Users/LiMa/.pico-sdk/sdk/2.1.1/src/rp2_common/pico_stdio/stdio.c.obj
                0x20002118                        PROVIDE (__mutex_array_end = .)
                0x20002118                        . = ALIGN (0x4)
 *(.jcr)
                0x20002118                        . = ALIGN (0x4)

.tm_clone_table
                0x20002118        0x0 load address 0x100072cc
 .tm_clone_table
                0x20002118        0x0 C:/Users/LiMa/.pico-sdk/toolchain/14_2_Rel1/bin/../lib/gcc/arm-none-eabi/14.2.1/thumb/v6-m/nofp/crtbegin.o
 .tm_clone_table
                0x20002118        0x0 C:/Users/LiMa/.pico-sdk/toolchain/14_2_Rel1/bin/../lib/gcc/arm-none-eabi/14.2.1/thumb/v6-m/nofp/crtend.o

.igot.plt       0x20002118        0x0 load address 0x100072cc
 .igot.plt      0x20002118        0x0 C:/Users/LiMa/.pico-sdk/toolchain/14_2_Rel1/bin/../lib/gcc/arm-none-eabi/14.2.1/thumb/v6-m/nofp/crtbegin.o

.tdata          0x20002118        0x0 load address 0x100072cc
                0x20002118                        . = ALIGN (0x4)
 *(.tdata .tdata.* .gnu.linkonce.td.*)
                0x20002118                        __tdata_end = .
                0x20002118                        PROVIDE (__data_end__ = .)
                0x10005274                        __etext = LOADADDR (.data)

.tbss           0x20002118        0x0 load address 0x100072cc
                0x20002118                        . = ALIGN (0x4)
                0x20002118                        __bss_start__ = .
                0x20002118                        __tls_base = .
 *(.tbss .tbss.* .gnu.linkonce.tb.*)
 *(.tcommon)
                0x20002118                        __tls_end = .

.bss            0x20002118     0x14a4 load address 0x100072cc
                0x20002118                        . = ALIGN (0x4)
                0x20002118                        __tbss_end = .
 *(SORT_BY_ALIGNMENT(SORT_BY_NAME(.bss*)))
 .bss.button_1  0x20002118       0x14 CMakeFiles/game_console.dir/game_console.cpp.obj
                0x20002118                button_1
 *fill*         0x2000212c        0x4 
 .bss.button_4  0x20002130       0x14 CMakeFiles/game_console.dir/game_console.cpp.obj
                0x20002130                button_4
 *fill*         0x20002144        0x4 
 .bss.default_alarm_pool_entries
                0x20002148      0x180 CMakeFiles/game_console.dir/C_/Users/LiMa/.pico-sdk/sdk/2.1.1/src/common/pico_time/time.c.obj
 .bss.last_avail_time.1
                0x200022c8        0x8 CMakeFiles/game_console.dir/C_/Users/LiMa/.pico-sdk/sdk/2.1.1/src/rp2_common/pico_stdio_usb/stdio_usb.c.obj
 .bss.sd_table  0x200022d0      0x100 CMakeFiles/game_console.dir/C_/Users/LiMa/.pico-sdk/sdk/2.1.1/src/rp2_common/pico_double/double_init_rom_rp2040.c.obj
                0x200022d0                sd_table
 .bss.__sf      0x200023d0      0x138 C:/Users/LiMa/.pico-sdk/toolchain/14_2_Rel1/bin/../lib/gcc/arm-none-eabi/14.2.1/thumb/v6-m/nofp\libg.a(libc_a-findfp.o)
                0x200023d0                __sf
 .bss._app_driver
                0x20002508        0x4 CMakeFiles/game_console.dir/C_/Users/LiMa/.pico-sdk/sdk/2.1.1/lib/tinyusb/src/device/usbd.c.obj
 .bss._cdcd_epbuf
                0x2000250c       0x80 CMakeFiles/game_console.dir/C_/Users/LiMa/.pico-sdk/sdk/2.1.1/lib/tinyusb/src/class/cdc/cdc_device.c.obj
 .bss._cdcd_fifo_cfg
                0x2000258c        0x1 CMakeFiles/game_console.dir/C_/Users/LiMa/.pico-sdk/sdk/2.1.1/lib/tinyusb/src/class/cdc/cdc_device.c.obj
 *fill*         0x2000258d        0x3 
 .bss._cdcd_itf
                0x20002590       0xc8 CMakeFiles/game_console.dir/C_/Users/LiMa/.pico-sdk/sdk/2.1.1/lib/tinyusb/src/class/cdc/cdc_device.c.obj
 .bss._ctrl_epbuf
                0x20002658       0x40 CMakeFiles/game_console.dir/C_/Users/LiMa/.pico-sdk/sdk/2.1.1/lib/tinyusb/src/device/usbd_control.c.obj
 .bss._ctrl_xfer
                0x20002698       0x14 CMakeFiles/game_console.dir/C_/Users/LiMa/.pico-sdk/sdk/2.1.1/lib/tinyusb/src/device/usbd_control.c.obj
 .bss._tusb_rhport_role
                0x200026ac        0x2 CMakeFiles/game_console.dir/C_/Users/LiMa/.pico-sdk/sdk/2.1.1/lib/tinyusb/src/tusb.c.obj
                0x200026ac                _tusb_rhport_role
 *fill*         0x200026ae        0x2 
 .bss._ubsd_mutexdef
                0x200026b0        0x8 CMakeFiles/game_console.dir/C_/Users/LiMa/.pico-sdk/sdk/2.1.1/lib/tinyusb/src/device/usbd.c.obj
 .bss._usbd_dev
                0x200026b8       0x54 CMakeFiles/game_console.dir/C_/Users/LiMa/.pico-sdk/sdk/2.1.1/lib/tinyusb/src/device/usbd.c.obj
 .bss._usbd_mutex
                0x2000270c        0x4 CMakeFiles/game_console.dir/C_/Users/LiMa/.pico-sdk/sdk/2.1.1/lib/tinyusb/src/device/usbd.c.obj
 .bss._usbd_q   0x20002710        0x4 CMakeFiles/game_console.dir/C_/Users/LiMa/.pico-sdk/sdk/2.1.1/lib/tinyusb/src/device/usbd.c.obj
 .bss._usbd_qdef_buf
                0x20002714       0xc0 CMakeFiles/game_console.dir/C_/Users/LiMa/.pico-sdk/sdk/2.1.1/lib/tinyusb/src/device/usbd.c.obj
                0x20002714                _usbd_qdef_buf
 .bss._vendord_epbuf
                0x200027d4       0x80 CMakeFiles/game_console.dir/C_/Users/LiMa/.pico-sdk/sdk/2.1.1/lib/tinyusb/src/class/vendor/vendor_device.c.obj
 .bss._vendord_itf
                0x20002854      0x24c CMakeFiles/game_console.dir/C_/Users/LiMa/.pico-sdk/sdk/2.1.1/lib/tinyusb/src/class/vendor/vendor_device.c.obj
 .bss.boot2_copyout
                0x20002aa0      0x100 CMakeFiles/game_console.dir/C_/Users/LiMa/.pico-sdk/sdk/2.1.1/src/rp2_common/hardware_flash/flash.c.obj
 .bss.chars_available_callback
                0x20002ba0        0x4 CMakeFiles/game_console.dir/C_/Users/LiMa/.pico-sdk/sdk/2.1.1/src/rp2_common/pico_stdio_usb/stdio_usb.c.obj
 .bss.chars_available_param
                0x20002ba4        0x4 CMakeFiles/game_console.dir/C_/Users/LiMa/.pico-sdk/sdk/2.1.1/src/rp2_common/pico_stdio_usb/stdio_usb.c.obj
 .bss.claimed   0x20002ba8        0x4 CMakeFiles/game_console.dir/C_/Users/LiMa/.pico-sdk/sdk/2.1.1/src/rp2_common/hardware_sync/sync.c.obj
 .bss.claimed   0x20002bac        0x1 CMakeFiles/game_console.dir/C_/Users/LiMa/.pico-sdk/sdk/2.1.1/src/rp2_common/hardware_timer/timer.c.obj
 *fill*         0x20002bad        0x3 
 .bss.configured_freq
                0x20002bb0       0x28 CMakeFiles/game_console.dir/C_/Users/LiMa/.pico-sdk/sdk/2.1.1/src/rp2_common/hardware_clocks/clocks.c.obj
 .bss.desc_str.0
                0x20002bd8       0x28 CMakeFiles/game_console.dir/C_/Users/LiMa/.pico-sdk/sdk/2.1.1/src/rp2_common/pico_stdio_usb/stdio_usb_descriptors.c.obj
 .bss.display   0x20002c00      0x43c CMakeFiles/game_console.dir/game_console.cpp.obj
                0x20002c00                display
 .bss.drivers   0x2000303c        0x4 CMakeFiles/game_console.dir/C_/Users/LiMa/.pico-sdk/sdk/2.1.1/src/rp2_common/pico_stdio/stdio.c.obj
 .bss.e15_last_sof
                0x20003040        0x4 CMakeFiles/game_console.dir/C_/Users/LiMa/.pico-sdk/sdk/2.1.1/lib/tinyusb/src/portable/raspberrypi/rp2040/rp2040_usb.c.obj
                0x20003040                e15_last_sof
 .bss.errno     0x20003044        0x4 C:/Users/LiMa/.pico-sdk/toolchain/14_2_Rel1/bin/../lib/gcc/arm-none-eabi/14.2.1/thumb/v6-m/nofp\libg.a(libc_a-reent.o)
                0x20003044                errno